Archive member included to satisfy reference by file (symbol)

d:/mounriver/mounriver_studio/toolchain/risc-v embedded gcc/bin/../lib/gcc/riscv-none-embed/8.2.0/rv32imacxw/ilp32\libgcc.a(save-restore.o)
                              ./User/main.o (__riscv_save_9)
d:/mounriver/mounriver_studio/toolchain/risc-v embedded gcc/bin/../lib/gcc/riscv-none-embed/8.2.0/../../../../riscv-none-embed/lib/rv32imacxw/ilp32\libg_nano.a(lib_a-memset.o)
                              ./User/src/bootloader.o (memset)

Discarded input sections

 .text          0x0000000000000000        0x0 ./User/src/bootloader.o
 .data          0x0000000000000000        0x0 ./User/src/bootloader.o
 .bss           0x0000000000000000        0x0 ./User/src/bootloader.o
 .text          0x0000000000000000        0x0 ./User/ch32v20x_it.o
 .data          0x0000000000000000        0x0 ./User/ch32v20x_it.o
 .bss           0x0000000000000000        0x0 ./User/ch32v20x_it.o
 .text          0x0000000000000000        0x0 ./User/main.o
 .data          0x0000000000000000        0x0 ./User/main.o
 .bss           0x0000000000000000        0x0 ./User/main.o
 .text.checkAddressWritable
                0x0000000000000000        0xe ./User/main.o
 .sbss.connected
                0x0000000000000000        0x1 ./User/main.o
 .sbss.port_letter
                0x0000000000000000        0x1 ./User/main.o
 .sbss.receivedCount
                0x0000000000000000        0x4 ./User/main.o
 .sbss.received_crc_high_byte
                0x0000000000000000        0x1 ./User/main.o
 .sbss.received_crc_low_byte
                0x0000000000000000        0x1 ./User/main.o
 .sbss.str_len  0x0000000000000000        0x4 ./User/main.o
 .sbss.tick     0x0000000000000000        0x4 ./User/main.o
 .sdata.bootloaderactive
                0x0000000000000000        0x1 ./User/main.o
 .sdata.pin_code
                0x0000000000000000        0x1 ./User/main.o
 .text          0x0000000000000000        0x0 ./User/system_ch32v20x.o
 .data          0x0000000000000000        0x0 ./User/system_ch32v20x.o
 .bss           0x0000000000000000        0x0 ./User/system_ch32v20x.o
 .text.SystemCoreClockUpdate
                0x0000000000000000       0x92 ./User/system_ch32v20x.o
 .data.AHBPrescTable
                0x0000000000000000       0x10 ./User/system_ch32v20x.o
 .sdata.SystemCoreClock
                0x0000000000000000        0x4 ./User/system_ch32v20x.o
 .text          0x0000000000000000        0x0 ./Startup/startup_ch32v20x_D6.o
 .data          0x0000000000000000        0x0 ./Startup/startup_ch32v20x_D6.o
 .bss           0x0000000000000000        0x0 ./Startup/startup_ch32v20x_D6.o
 .text          0x0000000000000000        0x0 ./Peripheral/src/ch32v20x_adc.o
 .data          0x0000000000000000        0x0 ./Peripheral/src/ch32v20x_adc.o
 .bss           0x0000000000000000        0x0 ./Peripheral/src/ch32v20x_adc.o
 .text.ADC_DeInit
                0x0000000000000000       0x5a ./Peripheral/src/ch32v20x_adc.o
 .text.ADC_Init
                0x0000000000000000       0x56 ./Peripheral/src/ch32v20x_adc.o
 .text.ADC_StructInit
                0x0000000000000000       0x1a ./Peripheral/src/ch32v20x_adc.o
 .text.ADC_Cmd  0x0000000000000000       0x10 ./Peripheral/src/ch32v20x_adc.o
 .text.ADC_DMACmd
                0x0000000000000000       0x12 ./Peripheral/src/ch32v20x_adc.o
 .text.ADC_ITConfig
                0x0000000000000000       0x16 ./Peripheral/src/ch32v20x_adc.o
 .text.ADC_ResetCalibration
                0x0000000000000000        0xa ./Peripheral/src/ch32v20x_adc.o
 .text.ADC_GetResetCalibrationStatus
                0x0000000000000000        0x8 ./Peripheral/src/ch32v20x_adc.o
 .text.ADC_StartCalibration
                0x0000000000000000        0xa ./Peripheral/src/ch32v20x_adc.o
 .text.ADC_GetCalibrationStatus
                0x0000000000000000        0x8 ./Peripheral/src/ch32v20x_adc.o
 .text.ADC_SoftwareStartConvCmd
                0x0000000000000000       0x18 ./Peripheral/src/ch32v20x_adc.o
 .text.ADC_GetSoftwareStartConvStatus
                0x0000000000000000        0x8 ./Peripheral/src/ch32v20x_adc.o
 .text.ADC_DiscModeChannelCountConfig
                0x0000000000000000       0x12 ./Peripheral/src/ch32v20x_adc.o
 .text.ADC_DiscModeCmd
                0x0000000000000000       0x1a ./Peripheral/src/ch32v20x_adc.o
 .text.ADC_RegularChannelConfig
                0x0000000000000000       0xb8 ./Peripheral/src/ch32v20x_adc.o
 .text.ADC_ExternalTrigConvCmd
                0x0000000000000000       0x18 ./Peripheral/src/ch32v20x_adc.o
 .text.ADC_GetConversionValue
                0x0000000000000000        0x8 ./Peripheral/src/ch32v20x_adc.o
 .text.ADC_GetDualModeConversionValue
                0x0000000000000000        0xa ./Peripheral/src/ch32v20x_adc.o
 .text.ADC_AutoInjectedConvCmd
                0x0000000000000000       0x12 ./Peripheral/src/ch32v20x_adc.o
 .text.ADC_InjectedDiscModeCmd
                0x0000000000000000       0x14 ./Peripheral/src/ch32v20x_adc.o
 .text.ADC_ExternalTrigInjectedConvConfig
                0x0000000000000000        0xe ./Peripheral/src/ch32v20x_adc.o
 .text.ADC_ExternalTrigInjectedConvCmd
                0x0000000000000000       0x14 ./Peripheral/src/ch32v20x_adc.o
 .text.ADC_SoftwareStartInjectedConvCmd
                0x0000000000000000       0x18 ./Peripheral/src/ch32v20x_adc.o
 .text.ADC_GetSoftwareStartInjectedConvCmdStatus
                0x0000000000000000        0x8 ./Peripheral/src/ch32v20x_adc.o
 .text.ADC_InjectedChannelConfig
                0x0000000000000000       0x7a ./Peripheral/src/ch32v20x_adc.o
 .text.ADC_InjectedSequencerLengthConfig
                0x0000000000000000       0x14 ./Peripheral/src/ch32v20x_adc.o
 .text.ADC_SetInjectedOffset
                0x0000000000000000       0x14 ./Peripheral/src/ch32v20x_adc.o
 .text.ADC_GetInjectedConversionValue
                0x0000000000000000       0x1c ./Peripheral/src/ch32v20x_adc.o
 .text.ADC_AnalogWatchdogCmd
                0x0000000000000000       0x12 ./Peripheral/src/ch32v20x_adc.o
 .text.ADC_AnalogWatchdogThresholdsConfig
                0x0000000000000000        0x6 ./Peripheral/src/ch32v20x_adc.o
 .text.ADC_AnalogWatchdogSingleChannelConfig
                0x0000000000000000        0xa ./Peripheral/src/ch32v20x_adc.o
 .text.ADC_TempSensorVrefintCmd
                0x0000000000000000       0x20 ./Peripheral/src/ch32v20x_adc.o
 .text.ADC_GetFlagStatus
                0x0000000000000000        0xa ./Peripheral/src/ch32v20x_adc.o
 .text.ADC_ClearFlag
                0x0000000000000000        0x8 ./Peripheral/src/ch32v20x_adc.o
 .text.ADC_GetITStatus
                0x0000000000000000       0x1c ./Peripheral/src/ch32v20x_adc.o
 .text.ADC_ClearITPendingBit
                0x0000000000000000        0xa ./Peripheral/src/ch32v20x_adc.o
 .text.TempSensor_Volt_To_Temper
                0x0000000000000000       0x28 ./Peripheral/src/ch32v20x_adc.o
 .text.ADC_BufferCmd
                0x0000000000000000       0x18 ./Peripheral/src/ch32v20x_adc.o
 .text.Get_CalibrationValue
                0x0000000000000000      0x20e ./Peripheral/src/ch32v20x_adc.o
 .debug_info    0x0000000000000000     0x16f6 ./Peripheral/src/ch32v20x_adc.o
 .debug_abbrev  0x0000000000000000      0x3a9 ./Peripheral/src/ch32v20x_adc.o
 .debug_loc     0x0000000000000000      0xab6 ./Peripheral/src/ch32v20x_adc.o
 .debug_aranges
                0x0000000000000000      0x150 ./Peripheral/src/ch32v20x_adc.o
 .debug_ranges  0x0000000000000000      0x140 ./Peripheral/src/ch32v20x_adc.o
 .debug_line    0x0000000000000000     0x1ad9 ./Peripheral/src/ch32v20x_adc.o
 .debug_str     0x0000000000000000      0xc39 ./Peripheral/src/ch32v20x_adc.o
 .comment       0x0000000000000000       0x34 ./Peripheral/src/ch32v20x_adc.o
 .debug_frame   0x0000000000000000      0x2b4 ./Peripheral/src/ch32v20x_adc.o
 .text          0x0000000000000000        0x0 ./Peripheral/src/ch32v20x_bkp.o
 .data          0x0000000000000000        0x0 ./Peripheral/src/ch32v20x_bkp.o
 .bss           0x0000000000000000        0x0 ./Peripheral/src/ch32v20x_bkp.o
 .text.BKP_DeInit
                0x0000000000000000       0x24 ./Peripheral/src/ch32v20x_bkp.o
 .text.BKP_TamperPinLevelConfig
                0x0000000000000000       0x20 ./Peripheral/src/ch32v20x_bkp.o
 .text.BKP_TamperPinCmd
                0x0000000000000000       0x20 ./Peripheral/src/ch32v20x_bkp.o
 .text.BKP_ITConfig
                0x0000000000000000       0x20 ./Peripheral/src/ch32v20x_bkp.o
 .text.BKP_RTCOutputConfig
                0x0000000000000000       0x18 ./Peripheral/src/ch32v20x_bkp.o
 .text.BKP_SetRTCCalibrationValue
                0x0000000000000000       0x18 ./Peripheral/src/ch32v20x_bkp.o
 .text.BKP_WriteBackupRegister
                0x0000000000000000       0x1c ./Peripheral/src/ch32v20x_bkp.o
 .text.BKP_ReadBackupRegister
                0x0000000000000000       0x1c ./Peripheral/src/ch32v20x_bkp.o
 .text.BKP_GetFlagStatus
                0x0000000000000000        0xe ./Peripheral/src/ch32v20x_bkp.o
 .text.BKP_ClearFlag
                0x0000000000000000       0x12 ./Peripheral/src/ch32v20x_bkp.o
 .text.BKP_GetITStatus
                0x0000000000000000        0xe ./Peripheral/src/ch32v20x_bkp.o
 .text.BKP_ClearITPendingBit
                0x0000000000000000       0x12 ./Peripheral/src/ch32v20x_bkp.o
 .debug_info    0x0000000000000000     0x1089 ./Peripheral/src/ch32v20x_bkp.o
 .debug_abbrev  0x0000000000000000      0x2cc ./Peripheral/src/ch32v20x_bkp.o
 .debug_loc     0x0000000000000000       0xd8 ./Peripheral/src/ch32v20x_bkp.o
 .debug_aranges
                0x0000000000000000       0x78 ./Peripheral/src/ch32v20x_bkp.o
 .debug_ranges  0x0000000000000000       0x68 ./Peripheral/src/ch32v20x_bkp.o
 .debug_line    0x0000000000000000      0x676 ./Peripheral/src/ch32v20x_bkp.o
 .debug_str     0x0000000000000000      0xac7 ./Peripheral/src/ch32v20x_bkp.o
 .comment       0x0000000000000000       0x34 ./Peripheral/src/ch32v20x_bkp.o
 .debug_frame   0x0000000000000000       0xec ./Peripheral/src/ch32v20x_bkp.o
 .text          0x0000000000000000        0x0 ./Peripheral/src/ch32v20x_can.o
 .data          0x0000000000000000        0x0 ./Peripheral/src/ch32v20x_can.o
 .bss           0x0000000000000000        0x0 ./Peripheral/src/ch32v20x_can.o
 .text.CAN_DeInit
                0x0000000000000000       0x4c ./Peripheral/src/ch32v20x_can.o
 .text.CAN_Init
                0x0000000000000000       0xe8 ./Peripheral/src/ch32v20x_can.o
 .text.CAN_FilterInit
                0x0000000000000000      0x118 ./Peripheral/src/ch32v20x_can.o
 .text.CAN_StructInit
                0x0000000000000000       0x24 ./Peripheral/src/ch32v20x_can.o
 .text.CAN_SlaveStartBank
                0x0000000000000000       0x38 ./Peripheral/src/ch32v20x_can.o
 .text.CAN_DBGFreeze
                0x0000000000000000       0x14 ./Peripheral/src/ch32v20x_can.o
 .text.CAN_TTComModeCmd
                0x0000000000000000       0x58 ./Peripheral/src/ch32v20x_can.o
 .text.CAN_Transmit
                0x0000000000000000       0xbc ./Peripheral/src/ch32v20x_can.o
 .text.CAN_TransmitStatus
                0x0000000000000000       0x62 ./Peripheral/src/ch32v20x_can.o
 .text.CAN_CancelTransmit
                0x0000000000000000       0x2a ./Peripheral/src/ch32v20x_can.o
 .text.CAN_Receive
                0x0000000000000000       0x8c ./Peripheral/src/ch32v20x_can.o
 .text.CAN_FIFORelease
                0x0000000000000000       0x16 ./Peripheral/src/ch32v20x_can.o
 .text.CAN_MessagePending
                0x0000000000000000       0x16 ./Peripheral/src/ch32v20x_can.o
 .text.CAN_OperatingModeRequest
                0x0000000000000000       0x72 ./Peripheral/src/ch32v20x_can.o
 .text.CAN_Sleep
                0x0000000000000000       0x16 ./Peripheral/src/ch32v20x_can.o
 .text.CAN_WakeUp
                0x0000000000000000       0x1e ./Peripheral/src/ch32v20x_can.o
 .text.CAN_GetLastErrorCode
                0x0000000000000000        0x8 ./Peripheral/src/ch32v20x_can.o
 .text.CAN_GetReceiveErrorCounter
                0x0000000000000000        0x6 ./Peripheral/src/ch32v20x_can.o
 .text.CAN_GetLSBTransmitErrorCounter
                0x0000000000000000        0xa ./Peripheral/src/ch32v20x_can.o
 .text.CAN_ITConfig
                0x0000000000000000       0x12 ./Peripheral/src/ch32v20x_can.o
 .text.CAN_GetFlagStatus
                0x0000000000000000       0x56 ./Peripheral/src/ch32v20x_can.o
 .text.CAN_ClearFlag
                0x0000000000000000       0x40 ./Peripheral/src/ch32v20x_can.o
 .text.CAN_GetITStatus
                0x0000000000000000       0xd0 ./Peripheral/src/ch32v20x_can.o
 .text.CAN_ClearITPendingBit
                0x0000000000000000       0x94 ./Peripheral/src/ch32v20x_can.o
 .debug_info    0x0000000000000000     0x181a ./Peripheral/src/ch32v20x_can.o
 .debug_abbrev  0x0000000000000000      0x3fa ./Peripheral/src/ch32v20x_can.o
 .debug_loc     0x0000000000000000      0x999 ./Peripheral/src/ch32v20x_can.o
 .debug_aranges
                0x0000000000000000       0xd8 ./Peripheral/src/ch32v20x_can.o
 .debug_ranges  0x0000000000000000       0xf8 ./Peripheral/src/ch32v20x_can.o
 .debug_line    0x0000000000000000     0x1a8b ./Peripheral/src/ch32v20x_can.o
 .debug_str     0x0000000000000000      0xbdd ./Peripheral/src/ch32v20x_can.o
 .comment       0x0000000000000000       0x34 ./Peripheral/src/ch32v20x_can.o
 .debug_frame   0x0000000000000000      0x19c ./Peripheral/src/ch32v20x_can.o
 .text          0x0000000000000000        0x0 ./Peripheral/src/ch32v20x_crc.o
 .data          0x0000000000000000        0x0 ./Peripheral/src/ch32v20x_crc.o
 .bss           0x0000000000000000        0x0 ./Peripheral/src/ch32v20x_crc.o
 .text.CRC_ResetDR
                0x0000000000000000        0xa ./Peripheral/src/ch32v20x_crc.o
 .text.CRC_CalcCRC
                0x0000000000000000        0xa ./Peripheral/src/ch32v20x_crc.o
 .text.CRC_CalcBlockCRC
                0x0000000000000000       0x20 ./Peripheral/src/ch32v20x_crc.o
 .text.CRC_GetCRC
                0x0000000000000000        0x8 ./Peripheral/src/ch32v20x_crc.o
 .text.CRC_SetIDRegister
                0x0000000000000000        0x8 ./Peripheral/src/ch32v20x_crc.o
 .text.CRC_GetIDRegister
                0x0000000000000000        0x8 ./Peripheral/src/ch32v20x_crc.o
 .debug_info    0x0000000000000000      0xab3 ./Peripheral/src/ch32v20x_crc.o
 .debug_abbrev  0x0000000000000000      0x25f ./Peripheral/src/ch32v20x_crc.o
 .debug_loc     0x0000000000000000       0x75 ./Peripheral/src/ch32v20x_crc.o
 .debug_aranges
                0x0000000000000000       0x48 ./Peripheral/src/ch32v20x_crc.o
 .debug_ranges  0x0000000000000000       0x38 ./Peripheral/src/ch32v20x_crc.o
 .debug_line    0x0000000000000000      0x3d4 ./Peripheral/src/ch32v20x_crc.o
 .debug_str     0x0000000000000000      0x69d ./Peripheral/src/ch32v20x_crc.o
 .comment       0x0000000000000000       0x34 ./Peripheral/src/ch32v20x_crc.o
 .debug_frame   0x0000000000000000       0x70 ./Peripheral/src/ch32v20x_crc.o
 .text          0x0000000000000000        0x0 ./Peripheral/src/ch32v20x_dbgmcu.o
 .data          0x0000000000000000        0x0 ./Peripheral/src/ch32v20x_dbgmcu.o
 .bss           0x0000000000000000        0x0 ./Peripheral/src/ch32v20x_dbgmcu.o
 .text.DBGMCU_GetREVID
                0x0000000000000000        0xa ./Peripheral/src/ch32v20x_dbgmcu.o
 .text.DBGMCU_GetDEVID
                0x0000000000000000        0xa ./Peripheral/src/ch32v20x_dbgmcu.o
 .text.__get_DEBUG_CR
                0x0000000000000000        0x6 ./Peripheral/src/ch32v20x_dbgmcu.o
 .text.__set_DEBUG_CR
                0x0000000000000000        0x6 ./Peripheral/src/ch32v20x_dbgmcu.o
 .text.DBGMCU_Config
                0x0000000000000000       0x14 ./Peripheral/src/ch32v20x_dbgmcu.o
 .debug_info    0x0000000000000000      0xa7e ./Peripheral/src/ch32v20x_dbgmcu.o
 .debug_abbrev  0x0000000000000000      0x2f7 ./Peripheral/src/ch32v20x_dbgmcu.o
 .debug_loc     0x0000000000000000       0x6e ./Peripheral/src/ch32v20x_dbgmcu.o
 .debug_aranges
                0x0000000000000000       0x40 ./Peripheral/src/ch32v20x_dbgmcu.o
 .debug_ranges  0x0000000000000000       0x48 ./Peripheral/src/ch32v20x_dbgmcu.o
 .debug_line    0x0000000000000000      0x373 ./Peripheral/src/ch32v20x_dbgmcu.o
 .debug_str     0x0000000000000000      0x657 ./Peripheral/src/ch32v20x_dbgmcu.o
 .comment       0x0000000000000000       0x34 ./Peripheral/src/ch32v20x_dbgmcu.o
 .debug_frame   0x0000000000000000       0x60 ./Peripheral/src/ch32v20x_dbgmcu.o
 .text          0x0000000000000000        0x0 ./Peripheral/src/ch32v20x_dma.o
 .data          0x0000000000000000        0x0 ./Peripheral/src/ch32v20x_dma.o
 .bss           0x0000000000000000        0x0 ./Peripheral/src/ch32v20x_dma.o
 .text.DMA_DeInit
                0x0000000000000000       0x9c ./Peripheral/src/ch32v20x_dma.o
 .text.DMA_Init
                0x0000000000000000       0x38 ./Peripheral/src/ch32v20x_dma.o
 .text.DMA_StructInit
                0x0000000000000000       0x2e ./Peripheral/src/ch32v20x_dma.o
 .text.DMA_Cmd  0x0000000000000000       0x14 ./Peripheral/src/ch32v20x_dma.o
 .text.DMA_ITConfig
                0x0000000000000000       0x12 ./Peripheral/src/ch32v20x_dma.o
 .text.DMA_SetCurrDataCounter
                0x0000000000000000        0x4 ./Peripheral/src/ch32v20x_dma.o
 .text.DMA_GetCurrDataCounter
                0x0000000000000000        0x8 ./Peripheral/src/ch32v20x_dma.o
 .text.DMA_GetFlagStatus
                0x0000000000000000        0xe ./Peripheral/src/ch32v20x_dma.o
 .text.DMA_ClearFlag
                0x0000000000000000        0x8 ./Peripheral/src/ch32v20x_dma.o
 .text.DMA_GetITStatus
                0x0000000000000000       0x18 ./Peripheral/src/ch32v20x_dma.o
 .text.DMA_ClearITPendingBit
                0x0000000000000000        0x8 ./Peripheral/src/ch32v20x_dma.o
 .debug_info    0x0000000000000000      0xd21 ./Peripheral/src/ch32v20x_dma.o
 .debug_abbrev  0x0000000000000000      0x302 ./Peripheral/src/ch32v20x_dma.o
 .debug_loc     0x0000000000000000      0x155 ./Peripheral/src/ch32v20x_dma.o
 .debug_aranges
                0x0000000000000000       0x60 ./Peripheral/src/ch32v20x_dma.o
 .debug_ranges  0x0000000000000000       0x50 ./Peripheral/src/ch32v20x_dma.o
 .debug_line    0x0000000000000000      0x7c3 ./Peripheral/src/ch32v20x_dma.o
 .debug_str     0x0000000000000000      0x815 ./Peripheral/src/ch32v20x_dma.o
 .comment       0x0000000000000000       0x34 ./Peripheral/src/ch32v20x_dma.o
 .debug_frame   0x0000000000000000       0xcc ./Peripheral/src/ch32v20x_dma.o
 .text          0x0000000000000000        0x0 ./Peripheral/src/ch32v20x_exti.o
 .data          0x0000000000000000        0x0 ./Peripheral/src/ch32v20x_exti.o
 .bss           0x0000000000000000        0x0 ./Peripheral/src/ch32v20x_exti.o
 .text.EXTI_DeInit
                0x0000000000000000       0x22 ./Peripheral/src/ch32v20x_exti.o
 .text.EXTI_Init
                0x0000000000000000       0x6a ./Peripheral/src/ch32v20x_exti.o
 .text.EXTI_StructInit
                0x0000000000000000       0x12 ./Peripheral/src/ch32v20x_exti.o
 .text.EXTI_GenerateSWInterrupt
                0x0000000000000000       0x10 ./Peripheral/src/ch32v20x_exti.o
 .text.EXTI_GetFlagStatus
                0x0000000000000000       0x12 ./Peripheral/src/ch32v20x_exti.o
 .text.EXTI_ClearFlag
                0x0000000000000000        0xa ./Peripheral/src/ch32v20x_exti.o
 .text.EXTI_GetITStatus
                0x0000000000000000       0x1e ./Peripheral/src/ch32v20x_exti.o
 .text.EXTI_ClearITPendingBit
                0x0000000000000000        0xa ./Peripheral/src/ch32v20x_exti.o
 .debug_info    0x0000000000000000      0xc0d ./Peripheral/src/ch32v20x_exti.o
 .debug_abbrev  0x0000000000000000      0x2da ./Peripheral/src/ch32v20x_exti.o
 .debug_loc     0x0000000000000000      0x181 ./Peripheral/src/ch32v20x_exti.o
 .debug_aranges
                0x0000000000000000       0x50 ./Peripheral/src/ch32v20x_exti.o
 .debug_ranges  0x0000000000000000       0x40 ./Peripheral/src/ch32v20x_exti.o
 .debug_line    0x0000000000000000      0x5e2 ./Peripheral/src/ch32v20x_exti.o
 .debug_str     0x0000000000000000      0x7af ./Peripheral/src/ch32v20x_exti.o
 .comment       0x0000000000000000       0x34 ./Peripheral/src/ch32v20x_exti.o
 .debug_frame   0x0000000000000000       0x90 ./Peripheral/src/ch32v20x_exti.o
 .text          0x0000000000000000        0x0 ./Peripheral/src/ch32v20x_flash.o
 .data          0x0000000000000000        0x0 ./Peripheral/src/ch32v20x_flash.o
 .bss           0x0000000000000000        0x0 ./Peripheral/src/ch32v20x_flash.o
 .text.FLASH_Unlock
                0x0000000000000000       0x1a ./Peripheral/src/ch32v20x_flash.o
 .text.FLASH_UnlockBank1
                0x0000000000000000       0x18 ./Peripheral/src/ch32v20x_flash.o
 .text.FLASH_LockBank1
                0x0000000000000000       0x18 ./Peripheral/src/ch32v20x_flash.o
 .text.FLASH_GetUserOptionByte
                0x0000000000000000        0xa ./Peripheral/src/ch32v20x_flash.o
 .text.FLASH_GetWriteProtectionOptionByte
                0x0000000000000000        0x8 ./Peripheral/src/ch32v20x_flash.o
 .text.FLASH_GetReadOutProtectionStatus
                0x0000000000000000        0xc ./Peripheral/src/ch32v20x_flash.o
 .text.FLASH_ITConfig
                0x0000000000000000       0x1e ./Peripheral/src/ch32v20x_flash.o
 .text.FLASH_GetFlagStatus
                0x0000000000000000       0x1e ./Peripheral/src/ch32v20x_flash.o
 .text.FLASH_ClearFlag
                0x0000000000000000        0x8 ./Peripheral/src/ch32v20x_flash.o
 .text.FLASH_GetStatus
                0x0000000000000000       0x18 ./Peripheral/src/ch32v20x_flash.o
 .text.FLASH_GetBank1Status
                0x0000000000000000       0x18 ./Peripheral/src/ch32v20x_flash.o
 .text.FLASH_WaitForLastOperation
                0x0000000000000000       0x34 ./Peripheral/src/ch32v20x_flash.o
 .text.FLASH_ErasePage
                0x0000000000000000       0x4c ./Peripheral/src/ch32v20x_flash.o
 .text.FLASH_EraseAllPages
                0x0000000000000000       0x48 ./Peripheral/src/ch32v20x_flash.o
 .text.FLASH_EraseAllBank1Pages
                0x0000000000000000       0x18 ./Peripheral/src/ch32v20x_flash.o
 .text.FLASH_EraseOptionBytes
                0x0000000000000000       0xe6 ./Peripheral/src/ch32v20x_flash.o
 .text.FLASH_ProgramWord
                0x0000000000000000       0x68 ./Peripheral/src/ch32v20x_flash.o
 .text.FLASH_ProgramHalfWord
                0x0000000000000000       0x48 ./Peripheral/src/ch32v20x_flash.o
 .text.FLASH_ProgramOptionByteData
                0x0000000000000000      0x11a ./Peripheral/src/ch32v20x_flash.o
 .text.FLASH_EnableWriteProtection
                0x0000000000000000      0x106 ./Peripheral/src/ch32v20x_flash.o
 .text.FLASH_ReadOutProtection
                0x0000000000000000       0xf4 ./Peripheral/src/ch32v20x_flash.o
 .text.FLASH_UserOptionByteConfig
                0x0000000000000000      0x108 ./Peripheral/src/ch32v20x_flash.o
 .text.FLASH_WaitForLastBank1Operation
                0x0000000000000000       0x18 ./Peripheral/src/ch32v20x_flash.o
 .text.FLASH_Unlock_Fast
                0x0000000000000000       0x1e ./Peripheral/src/ch32v20x_flash.o
 .text.FLASH_Lock_Fast
                0x0000000000000000        0xe ./Peripheral/src/ch32v20x_flash.o
 .text.FLASH_EraseBlock_32K_Fast
                0x0000000000000000       0x30 ./Peripheral/src/ch32v20x_flash.o
 .text.FLASH_EraseBlock_64K_Fast
                0x0000000000000000       0x30 ./Peripheral/src/ch32v20x_flash.o
 .text.FLASH_Access_Clock_Cfg
                0x0000000000000000       0x18 ./Peripheral/src/ch32v20x_flash.o
 .text.FLASH_Enhance_Mode
                0x0000000000000000       0x2e ./Peripheral/src/ch32v20x_flash.o
 .text.FLASH_GetMACAddress
                0x0000000000000000       0x26 ./Peripheral/src/ch32v20x_flash.o
 .text          0x0000000000000000        0x0 ./Peripheral/src/ch32v20x_gpio.o
 .data          0x0000000000000000        0x0 ./Peripheral/src/ch32v20x_gpio.o
 .bss           0x0000000000000000        0x0 ./Peripheral/src/ch32v20x_gpio.o
 .text.GPIO_DeInit
                0x0000000000000000       0xa4 ./Peripheral/src/ch32v20x_gpio.o
 .text.GPIO_AFIODeInit
                0x0000000000000000       0x28 ./Peripheral/src/ch32v20x_gpio.o
 .text.GPIO_StructInit
                0x0000000000000000        0xe ./Peripheral/src/ch32v20x_gpio.o
 .text.GPIO_ReadInputDataBit
                0x0000000000000000       0x1e ./Peripheral/src/ch32v20x_gpio.o
 .text.GPIO_ReadInputData
                0x0000000000000000       0x20 ./Peripheral/src/ch32v20x_gpio.o
 .text.GPIO_ReadOutputDataBit
                0x0000000000000000       0x1e ./Peripheral/src/ch32v20x_gpio.o
 .text.GPIO_ReadOutputData
                0x0000000000000000       0x20 ./Peripheral/src/ch32v20x_gpio.o
 .text.GPIO_SetBits
                0x0000000000000000       0x18 ./Peripheral/src/ch32v20x_gpio.o
 .text.GPIO_ResetBits
                0x0000000000000000       0x18 ./Peripheral/src/ch32v20x_gpio.o
 .text.GPIO_WriteBit
                0x0000000000000000       0x1e ./Peripheral/src/ch32v20x_gpio.o
 .text.GPIO_Write
                0x0000000000000000       0x18 ./Peripheral/src/ch32v20x_gpio.o
 .text.GPIO_PinLockConfig
                0x0000000000000000       0x24 ./Peripheral/src/ch32v20x_gpio.o
 .text.GPIO_EventOutputConfig
                0x0000000000000000       0x18 ./Peripheral/src/ch32v20x_gpio.o
 .text.GPIO_EventOutputCmd
                0x0000000000000000       0x16 ./Peripheral/src/ch32v20x_gpio.o
 .text.GPIO_PinRemapConfig
                0x0000000000000000       0xe0 ./Peripheral/src/ch32v20x_gpio.o
 .text.GPIO_EXTILineConfig
                0x0000000000000000       0x2c ./Peripheral/src/ch32v20x_gpio.o
 .text.GPIO_ETH_MediaInterfaceConfig
                0x0000000000000000       0x24 ./Peripheral/src/ch32v20x_gpio.o
 .text          0x0000000000000000        0x0 ./Peripheral/src/ch32v20x_i2c.o
 .data          0x0000000000000000        0x0 ./Peripheral/src/ch32v20x_i2c.o
 .bss           0x0000000000000000        0x0 ./Peripheral/src/ch32v20x_i2c.o
 .text.I2C_DeInit
                0x0000000000000000       0x4c ./Peripheral/src/ch32v20x_i2c.o
 .text.I2C_Init
                0x0000000000000000      0x100 ./Peripheral/src/ch32v20x_i2c.o
 .text.I2C_StructInit
                0x0000000000000000       0x18 ./Peripheral/src/ch32v20x_i2c.o
 .text.I2C_Cmd  0x0000000000000000       0x18 ./Peripheral/src/ch32v20x_i2c.o
 .text.I2C_DMACmd
                0x0000000000000000       0x1e ./Peripheral/src/ch32v20x_i2c.o
 .text.I2C_DMALastTransferCmd
                0x0000000000000000       0x16 ./Peripheral/src/ch32v20x_i2c.o
 .text.I2C_GenerateSTART
                0x0000000000000000       0x1a ./Peripheral/src/ch32v20x_i2c.o
 .text.I2C_GenerateSTOP
                0x0000000000000000       0x1a ./Peripheral/src/ch32v20x_i2c.o
 .text.I2C_AcknowledgeConfig
                0x0000000000000000       0x1a ./Peripheral/src/ch32v20x_i2c.o
 .text.I2C_OwnAddress2Config
                0x0000000000000000       0x14 ./Peripheral/src/ch32v20x_i2c.o
 .text.I2C_DualAddressCmd
                0x0000000000000000       0x18 ./Peripheral/src/ch32v20x_i2c.o
 .text.I2C_GeneralCallCmd
                0x0000000000000000       0x1a ./Peripheral/src/ch32v20x_i2c.o
 .text.I2C_ITConfig
                0x0000000000000000       0x12 ./Peripheral/src/ch32v20x_i2c.o
 .text.I2C_SendData
                0x0000000000000000        0x4 ./Peripheral/src/ch32v20x_i2c.o
 .text.I2C_ReceiveData
                0x0000000000000000        0x8 ./Peripheral/src/ch32v20x_i2c.o
 .text.I2C_Send7bitAddress
                0x0000000000000000       0x12 ./Peripheral/src/ch32v20x_i2c.o
 .text.I2C_ReadRegister
                0x0000000000000000       0x14 ./Peripheral/src/ch32v20x_i2c.o
 .text.I2C_SoftwareResetCmd
                0x0000000000000000       0x12 ./Peripheral/src/ch32v20x_i2c.o
 .text.I2C_NACKPositionConfig
                0x0000000000000000       0x22 ./Peripheral/src/ch32v20x_i2c.o
 .text.I2C_SMBusAlertConfig
                0x0000000000000000       0x1a ./Peripheral/src/ch32v20x_i2c.o
 .text.I2C_TransmitPEC
                0x0000000000000000       0x16 ./Peripheral/src/ch32v20x_i2c.o
 .text.I2C_PECPositionConfig
                0x0000000000000000       0x18 ./Peripheral/src/ch32v20x_i2c.o
 .text.I2C_CalculatePEC
                0x0000000000000000       0x1a ./Peripheral/src/ch32v20x_i2c.o
 .text.I2C_GetPEC
                0x0000000000000000        0x6 ./Peripheral/src/ch32v20x_i2c.o
 .text.I2C_ARPCmd
                0x0000000000000000       0x18 ./Peripheral/src/ch32v20x_i2c.o
 .text.I2C_StretchClockCmd
                0x0000000000000000       0x1a ./Peripheral/src/ch32v20x_i2c.o
 .text.I2C_FastModeDutyCycleConfig
                0x0000000000000000       0x1a ./Peripheral/src/ch32v20x_i2c.o
 .text.I2C_CheckEvent
                0x0000000000000000       0x16 ./Peripheral/src/ch32v20x_i2c.o
 .text.I2C_GetLastEvent
                0x0000000000000000        0xe ./Peripheral/src/ch32v20x_i2c.o
 .text.I2C_GetFlagStatus
                0x0000000000000000       0x32 ./Peripheral/src/ch32v20x_i2c.o
 .text.I2C_ClearFlag
                0x0000000000000000        0xc ./Peripheral/src/ch32v20x_i2c.o
 .text.I2C_GetITStatus
                0x0000000000000000       0x20 ./Peripheral/src/ch32v20x_i2c.o
 .text.I2C_ClearITPendingBit
                0x0000000000000000        0xc ./Peripheral/src/ch32v20x_i2c.o
 .debug_info    0x0000000000000000     0x147f ./Peripheral/src/ch32v20x_i2c.o
 .debug_abbrev  0x0000000000000000      0x3a7 ./Peripheral/src/ch32v20x_i2c.o
 .debug_loc     0x0000000000000000      0x70d ./Peripheral/src/ch32v20x_i2c.o
 .debug_aranges
                0x0000000000000000      0x110 ./Peripheral/src/ch32v20x_i2c.o
 .debug_ranges  0x0000000000000000      0x100 ./Peripheral/src/ch32v20x_i2c.o
 .debug_line    0x0000000000000000     0x1149 ./Peripheral/src/ch32v20x_i2c.o
 .debug_str     0x0000000000000000      0xb02 ./Peripheral/src/ch32v20x_i2c.o
 .comment       0x0000000000000000       0x34 ./Peripheral/src/ch32v20x_i2c.o
 .debug_frame   0x0000000000000000      0x264 ./Peripheral/src/ch32v20x_i2c.o
 .text          0x0000000000000000        0x0 ./Peripheral/src/ch32v20x_iwdg.o
 .data          0x0000000000000000        0x0 ./Peripheral/src/ch32v20x_iwdg.o
 .bss           0x0000000000000000        0x0 ./Peripheral/src/ch32v20x_iwdg.o
 .text.IWDG_WriteAccessCmd
                0x0000000000000000        0x8 ./Peripheral/src/ch32v20x_iwdg.o
 .text.IWDG_SetPrescaler
                0x0000000000000000        0x8 ./Peripheral/src/ch32v20x_iwdg.o
 .text.IWDG_SetReload
                0x0000000000000000        0x8 ./Peripheral/src/ch32v20x_iwdg.o
 .text.IWDG_ReloadCounter
                0x0000000000000000        0xe ./Peripheral/src/ch32v20x_iwdg.o
 .text.IWDG_Enable
                0x0000000000000000        0xe ./Peripheral/src/ch32v20x_iwdg.o
 .text.IWDG_GetFlagStatus
                0x0000000000000000        0xe ./Peripheral/src/ch32v20x_iwdg.o
 .debug_info    0x0000000000000000      0xab4 ./Peripheral/src/ch32v20x_iwdg.o
 .debug_abbrev  0x0000000000000000      0x282 ./Peripheral/src/ch32v20x_iwdg.o
 .debug_loc     0x0000000000000000       0x68 ./Peripheral/src/ch32v20x_iwdg.o
 .debug_aranges
                0x0000000000000000       0x48 ./Peripheral/src/ch32v20x_iwdg.o
 .debug_ranges  0x0000000000000000       0x38 ./Peripheral/src/ch32v20x_iwdg.o
 .debug_line    0x0000000000000000      0x3bd ./Peripheral/src/ch32v20x_iwdg.o
 .debug_str     0x0000000000000000      0x6c1 ./Peripheral/src/ch32v20x_iwdg.o
 .comment       0x0000000000000000       0x34 ./Peripheral/src/ch32v20x_iwdg.o
 .debug_frame   0x0000000000000000       0x70 ./Peripheral/src/ch32v20x_iwdg.o
 .text          0x0000000000000000        0x0 ./Peripheral/src/ch32v20x_misc.o
 .data          0x0000000000000000        0x0 ./Peripheral/src/ch32v20x_misc.o
 .bss           0x0000000000000000        0x0 ./Peripheral/src/ch32v20x_misc.o
 .text.NVIC_PriorityGroupConfig
                0x0000000000000000        0xa ./Peripheral/src/ch32v20x_misc.o
 .text.NVIC_Init
                0x0000000000000000       0xaa ./Peripheral/src/ch32v20x_misc.o
 .sbss.NVIC_Priority_Group
                0x0000000000000000        0x4 ./Peripheral/src/ch32v20x_misc.o
 .debug_info    0x0000000000000000      0xe7c ./Peripheral/src/ch32v20x_misc.o
 .debug_abbrev  0x0000000000000000      0x2fb ./Peripheral/src/ch32v20x_misc.o
 .debug_loc     0x0000000000000000       0xce ./Peripheral/src/ch32v20x_misc.o
 .debug_aranges
                0x0000000000000000       0x28 ./Peripheral/src/ch32v20x_misc.o
 .debug_ranges  0x0000000000000000       0x48 ./Peripheral/src/ch32v20x_misc.o
 .debug_line    0x0000000000000000      0x4dd ./Peripheral/src/ch32v20x_misc.o
 .debug_str     0x0000000000000000      0xaa7 ./Peripheral/src/ch32v20x_misc.o
 .comment       0x0000000000000000       0x34 ./Peripheral/src/ch32v20x_misc.o
 .debug_frame   0x0000000000000000       0x30 ./Peripheral/src/ch32v20x_misc.o
 .text          0x0000000000000000        0x0 ./Peripheral/src/ch32v20x_opa.o
 .data          0x0000000000000000        0x0 ./Peripheral/src/ch32v20x_opa.o
 .bss           0x0000000000000000        0x0 ./Peripheral/src/ch32v20x_opa.o
 .text.OPA_DeInit
                0x0000000000000000        0xa ./Peripheral/src/ch32v20x_opa.o
 .text.OPA_Init
                0x0000000000000000       0x36 ./Peripheral/src/ch32v20x_opa.o
 .text.OPA_StructInit
                0x0000000000000000       0x12 ./Peripheral/src/ch32v20x_opa.o
 .text.OPA_Cmd  0x0000000000000000       0x2c ./Peripheral/src/ch32v20x_opa.o
 .debug_info    0x0000000000000000      0xb28 ./Peripheral/src/ch32v20x_opa.o
 .debug_abbrev  0x0000000000000000      0x252 ./Peripheral/src/ch32v20x_opa.o
 .debug_loc     0x0000000000000000       0x56 ./Peripheral/src/ch32v20x_opa.o
 .debug_aranges
                0x0000000000000000       0x38 ./Peripheral/src/ch32v20x_opa.o
 .debug_ranges  0x0000000000000000       0x28 ./Peripheral/src/ch32v20x_opa.o
 .debug_line    0x0000000000000000      0x46a ./Peripheral/src/ch32v20x_opa.o
 .debug_str     0x0000000000000000      0x6dd ./Peripheral/src/ch32v20x_opa.o
 .comment       0x0000000000000000       0x34 ./Peripheral/src/ch32v20x_opa.o
 .debug_frame   0x0000000000000000       0x50 ./Peripheral/src/ch32v20x_opa.o
 .text          0x0000000000000000        0x0 ./Peripheral/src/ch32v20x_pwr.o
 .data          0x0000000000000000        0x0 ./Peripheral/src/ch32v20x_pwr.o
 .bss           0x0000000000000000        0x0 ./Peripheral/src/ch32v20x_pwr.o
 .text.PWR_DeInit
                0x0000000000000000       0x2c ./Peripheral/src/ch32v20x_pwr.o
 .text.PWR_BackupAccessCmd
                0x0000000000000000       0x16 ./Peripheral/src/ch32v20x_pwr.o
 .text.PWR_PVDCmd
                0x0000000000000000       0x14 ./Peripheral/src/ch32v20x_pwr.o
 .text.PWR_PVDLevelConfig
                0x0000000000000000       0x10 ./Peripheral/src/ch32v20x_pwr.o
 .text.PWR_WakeUpPinCmd
                0x0000000000000000       0x16 ./Peripheral/src/ch32v20x_pwr.o
 .text.PWR_EnterSTOPMode
                0x0000000000000000       0x68 ./Peripheral/src/ch32v20x_pwr.o
 .text.PWR_EnterSTANDBYMode
                0x0000000000000000       0x34 ./Peripheral/src/ch32v20x_pwr.o
 .text.PWR_GetFlagStatus
                0x0000000000000000        0xe ./Peripheral/src/ch32v20x_pwr.o
 .text.PWR_ClearFlag
                0x0000000000000000        0xe ./Peripheral/src/ch32v20x_pwr.o
 .text.PWR_EnterSTANDBYMode_RAM
                0x0000000000000000       0x2e ./Peripheral/src/ch32v20x_pwr.o
 .text.PWR_EnterSTANDBYMode_RAM_LV
                0x0000000000000000       0x30 ./Peripheral/src/ch32v20x_pwr.o
 .text.PWR_EnterSTANDBYMode_RAM_VBAT_EN
                0x0000000000000000       0x30 ./Peripheral/src/ch32v20x_pwr.o
 .text.PWR_EnterSTANDBYMode_RAM_LV_VBAT_EN
                0x0000000000000000       0x30 ./Peripheral/src/ch32v20x_pwr.o
 .text.PWR_EnterSTOPMode_RAM_LV
                0x0000000000000000       0x6e ./Peripheral/src/ch32v20x_pwr.o
 .debug_info    0x0000000000000000      0xf92 ./Peripheral/src/ch32v20x_pwr.o
 .debug_abbrev  0x0000000000000000      0x384 ./Peripheral/src/ch32v20x_pwr.o
 .debug_loc     0x0000000000000000      0x289 ./Peripheral/src/ch32v20x_pwr.o
 .debug_aranges
                0x0000000000000000       0x88 ./Peripheral/src/ch32v20x_pwr.o
 .debug_ranges  0x0000000000000000       0xa8 ./Peripheral/src/ch32v20x_pwr.o
 .debug_line    0x0000000000000000      0xa72 ./Peripheral/src/ch32v20x_pwr.o
 .debug_str     0x0000000000000000      0x86f ./Peripheral/src/ch32v20x_pwr.o
 .comment       0x0000000000000000       0x34 ./Peripheral/src/ch32v20x_pwr.o
 .debug_frame   0x0000000000000000       0xfc ./Peripheral/src/ch32v20x_pwr.o
 .text          0x0000000000000000        0x0 ./Peripheral/src/ch32v20x_rcc.o
 .data          0x0000000000000000        0x0 ./Peripheral/src/ch32v20x_rcc.o
 .bss           0x0000000000000000        0x0 ./Peripheral/src/ch32v20x_rcc.o
 .text.RCC_DeInit
                0x0000000000000000       0x42 ./Peripheral/src/ch32v20x_rcc.o
 .text.RCC_HSEConfig
                0x0000000000000000       0x3c ./Peripheral/src/ch32v20x_rcc.o
 .text.RCC_AdjustHSICalibrationValue
                0x0000000000000000       0x12 ./Peripheral/src/ch32v20x_rcc.o
 .text.RCC_HSICmd
                0x0000000000000000       0x14 ./Peripheral/src/ch32v20x_rcc.o
 .text.RCC_PLLConfig
                0x0000000000000000       0x16 ./Peripheral/src/ch32v20x_rcc.o
 .text.RCC_PLLCmd
                0x0000000000000000       0x24 ./Peripheral/src/ch32v20x_rcc.o
 .text.RCC_SYSCLKConfig
                0x0000000000000000        0xe ./Peripheral/src/ch32v20x_rcc.o
 .text.RCC_GetSYSCLKSource
                0x0000000000000000        0xa ./Peripheral/src/ch32v20x_rcc.o
 .text.RCC_HCLKConfig
                0x0000000000000000       0x10 ./Peripheral/src/ch32v20x_rcc.o
 .text.RCC_PCLK1Config
                0x0000000000000000       0x10 ./Peripheral/src/ch32v20x_rcc.o
 .text.RCC_PCLK2Config
                0x0000000000000000       0x16 ./Peripheral/src/ch32v20x_rcc.o
 .text.RCC_ITConfig
                0x0000000000000000       0x16 ./Peripheral/src/ch32v20x_rcc.o
 .text.RCC_USBCLKConfig
                0x0000000000000000       0x1a ./Peripheral/src/ch32v20x_rcc.o
 .text.RCC_ADCCLKConfig
                0x0000000000000000       0x12 ./Peripheral/src/ch32v20x_rcc.o
 .text.RCC_LSEConfig
                0x0000000000000000       0x28 ./Peripheral/src/ch32v20x_rcc.o
 .text.RCC_LSICmd
                0x0000000000000000       0x14 ./Peripheral/src/ch32v20x_rcc.o
 .text.RCC_RTCCLKConfig
                0x0000000000000000        0xc ./Peripheral/src/ch32v20x_rcc.o
 .text.RCC_RTCCLKCmd
                0x0000000000000000       0x20 ./Peripheral/src/ch32v20x_rcc.o
 .text.RCC_GetClocksFreq
                0x0000000000000000       0xc2 ./Peripheral/src/ch32v20x_rcc.o
 .text.RCC_AHBPeriphClockCmd
                0x0000000000000000       0x1e ./Peripheral/src/ch32v20x_rcc.o
 .text.RCC_APB1PeriphClockCmd
                0x0000000000000000       0x1e ./Peripheral/src/ch32v20x_rcc.o
 .text.RCC_APB2PeriphResetCmd
                0x0000000000000000       0x1e ./Peripheral/src/ch32v20x_rcc.o
 .text.RCC_APB1PeriphResetCmd
                0x0000000000000000       0x1e ./Peripheral/src/ch32v20x_rcc.o
 .text.RCC_BackupResetCmd
                0x0000000000000000       0x20 ./Peripheral/src/ch32v20x_rcc.o
 .text.RCC_ClockSecuritySystemCmd
                0x0000000000000000       0x24 ./Peripheral/src/ch32v20x_rcc.o
 .text.RCC_MCOConfig
                0x0000000000000000        0x8 ./Peripheral/src/ch32v20x_rcc.o
 .text.RCC_GetFlagStatus
                0x0000000000000000       0x2e ./Peripheral/src/ch32v20x_rcc.o
 .text.RCC_WaitForHSEStartUp
                0x0000000000000000       0x42 ./Peripheral/src/ch32v20x_rcc.o
 .text.RCC_ClearFlag
                0x0000000000000000       0x10 ./Peripheral/src/ch32v20x_rcc.o
 .text.RCC_GetITStatus
                0x0000000000000000        0xe ./Peripheral/src/ch32v20x_rcc.o
 .text.RCC_ClearITPendingBit
                0x0000000000000000        0x8 ./Peripheral/src/ch32v20x_rcc.o
 .text.RCC_ADCCLKADJcmd
                0x0000000000000000       0x18 ./Peripheral/src/ch32v20x_rcc.o
 .text.RCC_ETHDIVConfig
                0x0000000000000000       0x1a ./Peripheral/src/ch32v20x_rcc.o
 .data.APBAHBPrescTable
                0x0000000000000000       0x10 ./Peripheral/src/ch32v20x_rcc.o
 .sdata.ADCPrescTable
                0x0000000000000000        0x4 ./Peripheral/src/ch32v20x_rcc.o
 .text          0x0000000000000000        0x0 ./Peripheral/src/ch32v20x_rtc.o
 .data          0x0000000000000000        0x0 ./Peripheral/src/ch32v20x_rtc.o
 .bss           0x0000000000000000        0x0 ./Peripheral/src/ch32v20x_rtc.o
 .text.RTC_ITConfig
                0x0000000000000000       0x1a ./Peripheral/src/ch32v20x_rtc.o
 .text.RTC_EnterConfigMode
                0x0000000000000000       0x12 ./Peripheral/src/ch32v20x_rtc.o
 .text.RTC_ExitConfigMode
                0x0000000000000000       0x18 ./Peripheral/src/ch32v20x_rtc.o
 .text.RTC_GetCounter
                0x0000000000000000       0x36 ./Peripheral/src/ch32v20x_rtc.o
 .text.RTC_SetCounter
                0x0000000000000000       0x3c ./Peripheral/src/ch32v20x_rtc.o
 .text.RTC_SetPrescaler
                0x0000000000000000       0x3e ./Peripheral/src/ch32v20x_rtc.o
 .text.RTC_SetAlarm
                0x0000000000000000       0x3c ./Peripheral/src/ch32v20x_rtc.o
 .text.RTC_GetDivider
                0x0000000000000000       0x18 ./Peripheral/src/ch32v20x_rtc.o
 .text.RTC_WaitForLastTask
                0x0000000000000000       0x10 ./Peripheral/src/ch32v20x_rtc.o
 .text.RTC_WaitForSynchro
                0x0000000000000000       0x24 ./Peripheral/src/ch32v20x_rtc.o
 .text.RTC_GetFlagStatus
                0x0000000000000000       0x12 ./Peripheral/src/ch32v20x_rtc.o
 .text.RTC_ClearFlag
                0x0000000000000000       0x14 ./Peripheral/src/ch32v20x_rtc.o
 .text.RTC_GetITStatus
                0x0000000000000000       0x20 ./Peripheral/src/ch32v20x_rtc.o
 .text.RTC_ClearITPendingBit
                0x0000000000000000       0x18 ./Peripheral/src/ch32v20x_rtc.o
 .debug_info    0x0000000000000000      0xd4f ./Peripheral/src/ch32v20x_rtc.o
 .debug_abbrev  0x0000000000000000      0x2c0 ./Peripheral/src/ch32v20x_rtc.o
 .debug_loc     0x0000000000000000      0x272 ./Peripheral/src/ch32v20x_rtc.o
 .debug_aranges
                0x0000000000000000       0x80 ./Peripheral/src/ch32v20x_rtc.o
 .debug_ranges  0x0000000000000000       0x70 ./Peripheral/src/ch32v20x_rtc.o
 .debug_line    0x0000000000000000      0x7b3 ./Peripheral/src/ch32v20x_rtc.o
 .debug_str     0x0000000000000000      0x80e ./Peripheral/src/ch32v20x_rtc.o
 .comment       0x0000000000000000       0x34 ./Peripheral/src/ch32v20x_rtc.o
 .debug_frame   0x0000000000000000      0x12c ./Peripheral/src/ch32v20x_rtc.o
 .text          0x0000000000000000        0x0 ./Peripheral/src/ch32v20x_spi.o
 .data          0x0000000000000000        0x0 ./Peripheral/src/ch32v20x_spi.o
 .bss           0x0000000000000000        0x0 ./Peripheral/src/ch32v20x_spi.o
 .text.SPI_I2S_DeInit
                0x0000000000000000       0x56 ./Peripheral/src/ch32v20x_spi.o
 .text.SPI_Init
                0x0000000000000000       0x3e ./Peripheral/src/ch32v20x_spi.o
 .text.I2S_Init
                0x0000000000000000       0xc6 ./Peripheral/src/ch32v20x_spi.o
 .text.SPI_StructInit
                0x0000000000000000       0x22 ./Peripheral/src/ch32v20x_spi.o
 .text.I2S_StructInit
                0x0000000000000000       0x12 ./Peripheral/src/ch32v20x_spi.o
 .text.SPI_Cmd  0x0000000000000000       0x1a ./Peripheral/src/ch32v20x_spi.o
 .text.I2S_Cmd  0x0000000000000000       0x1a ./Peripheral/src/ch32v20x_spi.o
 .text.SPI_I2S_ITConfig
                0x0000000000000000       0x1e ./Peripheral/src/ch32v20x_spi.o
 .text.SPI_I2S_DMACmd
                0x0000000000000000       0x12 ./Peripheral/src/ch32v20x_spi.o
 .text.SPI_I2S_SendData
                0x0000000000000000        0x4 ./Peripheral/src/ch32v20x_spi.o
 .text.SPI_I2S_ReceiveData
                0x0000000000000000        0x4 ./Peripheral/src/ch32v20x_spi.o
 .text.SPI_NSSInternalSoftwareConfig
                0x0000000000000000       0x24 ./Peripheral/src/ch32v20x_spi.o
 .text.SPI_SSOutputCmd
                0x0000000000000000       0x18 ./Peripheral/src/ch32v20x_spi.o
 .text.SPI_DataSizeConfig
                0x0000000000000000       0x14 ./Peripheral/src/ch32v20x_spi.o
 .text.SPI_TransmitCRC
                0x0000000000000000        0xa ./Peripheral/src/ch32v20x_spi.o
 .text.SPI_CalculateCRC
                0x0000000000000000       0x16 ./Peripheral/src/ch32v20x_spi.o
 .text.SPI_GetCRC
                0x0000000000000000       0x12 ./Peripheral/src/ch32v20x_spi.o
 .text.SPI_GetCRCPolynomial
                0x0000000000000000        0x4 ./Peripheral/src/ch32v20x_spi.o
 .text.SPI_BiDirectionalLineConfig
                0x0000000000000000       0x1a ./Peripheral/src/ch32v20x_spi.o
 .text.SPI_I2S_GetFlagStatus
                0x0000000000000000        0xa ./Peripheral/src/ch32v20x_spi.o
 .text.SPI_I2S_ClearFlag
                0x0000000000000000        0xc ./Peripheral/src/ch32v20x_spi.o
 .text.SPI_I2S_GetITStatus
                0x0000000000000000       0x28 ./Peripheral/src/ch32v20x_spi.o
 .text.SPI_I2S_ClearITPendingBit
                0x0000000000000000       0x14 ./Peripheral/src/ch32v20x_spi.o
 .debug_info    0x0000000000000000     0x12c1 ./Peripheral/src/ch32v20x_spi.o
 .debug_abbrev  0x0000000000000000      0x307 ./Peripheral/src/ch32v20x_spi.o
 .debug_loc     0x0000000000000000      0x57f ./Peripheral/src/ch32v20x_spi.o
 .debug_aranges
                0x0000000000000000       0xd0 ./Peripheral/src/ch32v20x_spi.o
 .debug_ranges  0x0000000000000000       0xc0 ./Peripheral/src/ch32v20x_spi.o
 .debug_line    0x0000000000000000      0xd13 ./Peripheral/src/ch32v20x_spi.o
 .debug_str     0x0000000000000000      0xab1 ./Peripheral/src/ch32v20x_spi.o
 .comment       0x0000000000000000       0x34 ./Peripheral/src/ch32v20x_spi.o
 .debug_frame   0x0000000000000000      0x1a8 ./Peripheral/src/ch32v20x_spi.o
 .text          0x0000000000000000        0x0 ./Peripheral/src/ch32v20x_tim.o
 .data          0x0000000000000000        0x0 ./Peripheral/src/ch32v20x_tim.o
 .bss           0x0000000000000000        0x0 ./Peripheral/src/ch32v20x_tim.o
 .text.TI1_Config
                0x0000000000000000       0x6a ./Peripheral/src/ch32v20x_tim.o
 .text.TI2_Config
                0x0000000000000000       0x82 ./Peripheral/src/ch32v20x_tim.o
 .text.TIM_DeInit
                0x0000000000000000       0xae ./Peripheral/src/ch32v20x_tim.o
 .text.TIM_TimeBaseInit
                0x0000000000000000       0x6a ./Peripheral/src/ch32v20x_tim.o
 .text.TIM_OC1Init
                0x0000000000000000       0x6a ./Peripheral/src/ch32v20x_tim.o
 .text.TIM_OC2Init
                0x0000000000000000       0x96 ./Peripheral/src/ch32v20x_tim.o
 .text.TIM_OC3Init
                0x0000000000000000       0x94 ./Peripheral/src/ch32v20x_tim.o
 .text.TIM_OC4Init
                0x0000000000000000       0x6c ./Peripheral/src/ch32v20x_tim.o
 .text.TIM_BDTRConfig
                0x0000000000000000       0x20 ./Peripheral/src/ch32v20x_tim.o
 .text.TIM_TimeBaseStructInit
                0x0000000000000000       0x16 ./Peripheral/src/ch32v20x_tim.o
 .text.TIM_OCStructInit
                0x0000000000000000       0x22 ./Peripheral/src/ch32v20x_tim.o
 .text.TIM_ICStructInit
                0x0000000000000000       0x16 ./Peripheral/src/ch32v20x_tim.o
 .text.TIM_BDTRStructInit
                0x0000000000000000       0x1e ./Peripheral/src/ch32v20x_tim.o
 .text.TIM_Cmd  0x0000000000000000       0x18 ./Peripheral/src/ch32v20x_tim.o
 .text.TIM_CtrlPWMOutputs
                0x0000000000000000       0x16 ./Peripheral/src/ch32v20x_tim.o
 .text.TIM_ITConfig
                0x0000000000000000       0x12 ./Peripheral/src/ch32v20x_tim.o
 .text.TIM_GenerateEvent
                0x0000000000000000        0x4 ./Peripheral/src/ch32v20x_tim.o
 .text.TIM_DMAConfig
                0x0000000000000000        0x8 ./Peripheral/src/ch32v20x_tim.o
 .text.TIM_DMACmd
                0x0000000000000000       0x18 ./Peripheral/src/ch32v20x_tim.o
 .text.TIM_InternalClockConfig
                0x0000000000000000       0x10 ./Peripheral/src/ch32v20x_tim.o
 .text.TIM_ITRxExternalClockConfig
                0x0000000000000000       0x18 ./Peripheral/src/ch32v20x_tim.o
 .text.TIM_TIxExternalClockConfig
                0x0000000000000000       0x48 ./Peripheral/src/ch32v20x_tim.o
 .text.TIM_ETRConfig
                0x0000000000000000       0x16 ./Peripheral/src/ch32v20x_tim.o
 .text.TIM_ETRClockMode1Config
                0x0000000000000000       0x2a ./Peripheral/src/ch32v20x_tim.o
 .text.TIM_ETRClockMode2Config
                0x0000000000000000       0x22 ./Peripheral/src/ch32v20x_tim.o
 .text.TIM_PrescalerConfig
                0x0000000000000000        0x6 ./Peripheral/src/ch32v20x_tim.o
 .text.TIM_CounterModeConfig
                0x0000000000000000       0x10 ./Peripheral/src/ch32v20x_tim.o
 .text.TIM_SelectInputTrigger
                0x0000000000000000       0x10 ./Peripheral/src/ch32v20x_tim.o
 .text.TIM_EncoderInterfaceConfig
                0x0000000000000000       0x3c ./Peripheral/src/ch32v20x_tim.o
 .text.TIM_ForcedOC1Config
                0x0000000000000000       0x10 ./Peripheral/src/ch32v20x_tim.o
 .text.TIM_ForcedOC2Config
                0x0000000000000000       0x14 ./Peripheral/src/ch32v20x_tim.o
 .text.TIM_ForcedOC3Config
                0x0000000000000000       0x10 ./Peripheral/src/ch32v20x_tim.o
 .text.TIM_ForcedOC4Config
                0x0000000000000000       0x14 ./Peripheral/src/ch32v20x_tim.o
 .text.TIM_ARRPreloadConfig
                0x0000000000000000       0x1a ./Peripheral/src/ch32v20x_tim.o
 .text.TIM_SelectCOM
                0x0000000000000000       0x18 ./Peripheral/src/ch32v20x_tim.o
 .text.TIM_SelectCCDMA
                0x0000000000000000       0x18 ./Peripheral/src/ch32v20x_tim.o
 .text.TIM_CCPreloadControl
                0x0000000000000000       0x18 ./Peripheral/src/ch32v20x_tim.o
 .text.TIM_OC1PreloadConfig
                0x0000000000000000        0xe ./Peripheral/src/ch32v20x_tim.o
 .text.TIM_OC2PreloadConfig
                0x0000000000000000       0x16 ./Peripheral/src/ch32v20x_tim.o
 .text.TIM_OC3PreloadConfig
                0x0000000000000000        0xe ./Peripheral/src/ch32v20x_tim.o
 .text.TIM_OC4PreloadConfig
                0x0000000000000000       0x16 ./Peripheral/src/ch32v20x_tim.o
 .text.TIM_OC1FastConfig
                0x0000000000000000        0xe ./Peripheral/src/ch32v20x_tim.o
 .text.TIM_OC2FastConfig
                0x0000000000000000       0x16 ./Peripheral/src/ch32v20x_tim.o
 .text.TIM_OC3FastConfig
                0x0000000000000000        0xe ./Peripheral/src/ch32v20x_tim.o
 .text.TIM_OC4FastConfig
                0x0000000000000000       0x16 ./Peripheral/src/ch32v20x_tim.o
 .text.TIM_ClearOC1Ref
                0x0000000000000000       0x10 ./Peripheral/src/ch32v20x_tim.o
 .text.TIM_ClearOC2Ref
                0x0000000000000000       0x12 ./Peripheral/src/ch32v20x_tim.o
 .text.TIM_ClearOC3Ref
                0x0000000000000000       0x10 ./Peripheral/src/ch32v20x_tim.o
 .text.TIM_ClearOC4Ref
                0x0000000000000000       0x12 ./Peripheral/src/ch32v20x_tim.o
 .text.TIM_OC1PolarityConfig
                0x0000000000000000        0xe ./Peripheral/src/ch32v20x_tim.o
 .text.TIM_OC1NPolarityConfig
                0x0000000000000000        0xe ./Peripheral/src/ch32v20x_tim.o
 .text.TIM_OC2PolarityConfig
                0x0000000000000000       0x16 ./Peripheral/src/ch32v20x_tim.o
 .text.TIM_OC2NPolarityConfig
                0x0000000000000000       0x16 ./Peripheral/src/ch32v20x_tim.o
 .text.TIM_OC3PolarityConfig
                0x0000000000000000       0x16 ./Peripheral/src/ch32v20x_tim.o
 .text.TIM_OC3NPolarityConfig
                0x0000000000000000       0x16 ./Peripheral/src/ch32v20x_tim.o
 .text.TIM_OC4PolarityConfig
                0x0000000000000000       0x14 ./Peripheral/src/ch32v20x_tim.o
 .text.TIM_CCxCmd
                0x0000000000000000       0x20 ./Peripheral/src/ch32v20x_tim.o
 .text.TIM_CCxNCmd
                0x0000000000000000       0x20 ./Peripheral/src/ch32v20x_tim.o
 .text.TIM_SelectOCxM
                0x0000000000000000       0x4c ./Peripheral/src/ch32v20x_tim.o
 .text.TIM_UpdateDisableConfig
                0x0000000000000000       0x18 ./Peripheral/src/ch32v20x_tim.o
 .text.TIM_UpdateRequestConfig
                0x0000000000000000       0x18 ./Peripheral/src/ch32v20x_tim.o
 .text.TIM_SelectHallSensor
                0x0000000000000000       0x1a ./Peripheral/src/ch32v20x_tim.o
 .text.TIM_SelectOnePulseMode
                0x0000000000000000       0x16 ./Peripheral/src/ch32v20x_tim.o
 .text.TIM_SelectOutputTrigger
                0x0000000000000000       0x18 ./Peripheral/src/ch32v20x_tim.o
 .text.TIM_SelectSlaveMode
                0x0000000000000000       0x16 ./Peripheral/src/ch32v20x_tim.o
 .text.TIM_SelectMasterSlaveMode
                0x0000000000000000       0x18 ./Peripheral/src/ch32v20x_tim.o
 .text.TIM_SetCounter
                0x0000000000000000        0x4 ./Peripheral/src/ch32v20x_tim.o
 .text.TIM_SetAutoreload
                0x0000000000000000        0x4 ./Peripheral/src/ch32v20x_tim.o
 .text.TIM_SetCompare1
                0x0000000000000000        0x4 ./Peripheral/src/ch32v20x_tim.o
 .text.TIM_SetCompare2
                0x0000000000000000        0x4 ./Peripheral/src/ch32v20x_tim.o
 .text.TIM_SetCompare3
                0x0000000000000000        0x4 ./Peripheral/src/ch32v20x_tim.o
 .text.TIM_SetCompare4
                0x0000000000000000        0x6 ./Peripheral/src/ch32v20x_tim.o
 .text.TIM_SetIC1Prescaler
                0x0000000000000000       0x16 ./Peripheral/src/ch32v20x_tim.o
 .text.TIM_SetIC2Prescaler
                0x0000000000000000       0x1a ./Peripheral/src/ch32v20x_tim.o
 .text.TIM_PWMIConfig
                0x0000000000000000       0x92 ./Peripheral/src/ch32v20x_tim.o
 .text.TIM_SetIC3Prescaler
                0x0000000000000000       0x16 ./Peripheral/src/ch32v20x_tim.o
 .text.TIM_SetIC4Prescaler
                0x0000000000000000       0x1a ./Peripheral/src/ch32v20x_tim.o
 .text.TIM_ICInit
                0x0000000000000000      0x188 ./Peripheral/src/ch32v20x_tim.o
 .text.TIM_SetClockDivision
                0x0000000000000000       0x18 ./Peripheral/src/ch32v20x_tim.o
 .text.TIM_GetCapture1
                0x0000000000000000        0x4 ./Peripheral/src/ch32v20x_tim.o
 .text.TIM_GetCapture2
                0x0000000000000000        0x4 ./Peripheral/src/ch32v20x_tim.o
 .text.TIM_GetCapture3
                0x0000000000000000        0x4 ./Peripheral/src/ch32v20x_tim.o
 .text.TIM_GetCapture4
                0x0000000000000000        0x6 ./Peripheral/src/ch32v20x_tim.o
 .text.TIM_GetCounter
                0x0000000000000000        0x4 ./Peripheral/src/ch32v20x_tim.o
 .text.TIM_GetPrescaler
                0x0000000000000000        0x4 ./Peripheral/src/ch32v20x_tim.o
 .text.TIM_GetFlagStatus
                0x0000000000000000        0xa ./Peripheral/src/ch32v20x_tim.o
 .text.TIM_ClearFlag
                0x0000000000000000        0xc ./Peripheral/src/ch32v20x_tim.o
 .text.TIM_GetITStatus
                0x0000000000000000       0x18 ./Peripheral/src/ch32v20x_tim.o
 .text.TIM_ClearITPendingBit
                0x0000000000000000        0xc ./Peripheral/src/ch32v20x_tim.o
 .debug_info    0x0000000000000000     0x29a5 ./Peripheral/src/ch32v20x_tim.o
 .debug_abbrev  0x0000000000000000      0x408 ./Peripheral/src/ch32v20x_tim.o
 .debug_loc     0x0000000000000000     0x190e ./Peripheral/src/ch32v20x_tim.o
 .debug_aranges
                0x0000000000000000      0x2d0 ./Peripheral/src/ch32v20x_tim.o
 .debug_ranges  0x0000000000000000      0x2f0 ./Peripheral/src/ch32v20x_tim.o
 .debug_line    0x0000000000000000     0x30fc ./Peripheral/src/ch32v20x_tim.o
 .debug_str     0x0000000000000000     0x129d ./Peripheral/src/ch32v20x_tim.o
 .comment       0x0000000000000000       0x34 ./Peripheral/src/ch32v20x_tim.o
 .debug_frame   0x0000000000000000      0x614 ./Peripheral/src/ch32v20x_tim.o
 .text          0x0000000000000000        0x0 ./Peripheral/src/ch32v20x_usart.o
 .data          0x0000000000000000        0x0 ./Peripheral/src/ch32v20x_usart.o
 .bss           0x0000000000000000        0x0 ./Peripheral/src/ch32v20x_usart.o
 .text.USART_DeInit
                0x0000000000000000       0x9e ./Peripheral/src/ch32v20x_usart.o
 .text.USART_Init
                0x0000000000000000       0xc8 ./Peripheral/src/ch32v20x_usart.o
 .text.USART_StructInit
                0x0000000000000000       0x18 ./Peripheral/src/ch32v20x_usart.o
 .text.USART_ClockInit
                0x0000000000000000       0x1e ./Peripheral/src/ch32v20x_usart.o
 .text.USART_ClockStructInit
                0x0000000000000000       0x12 ./Peripheral/src/ch32v20x_usart.o
 .text.USART_Cmd
                0x0000000000000000       0x16 ./Peripheral/src/ch32v20x_usart.o
 .text.USART_ITConfig
                0x0000000000000000       0x36 ./Peripheral/src/ch32v20x_usart.o
 .text.USART_DMACmd
                0x0000000000000000       0x12 ./Peripheral/src/ch32v20x_usart.o
 .text.USART_SetAddress
                0x0000000000000000       0x16 ./Peripheral/src/ch32v20x_usart.o
 .text.USART_WakeUpConfig
                0x0000000000000000       0x14 ./Peripheral/src/ch32v20x_usart.o
 .text.USART_ReceiverWakeUpCmd
                0x0000000000000000       0x18 ./Peripheral/src/ch32v20x_usart.o
 .text.USART_LINBreakDetectLengthConfig
                0x0000000000000000       0x18 ./Peripheral/src/ch32v20x_usart.o
 .text.USART_LINCmd
                0x0000000000000000       0x16 ./Peripheral/src/ch32v20x_usart.o
 .text.USART_SendData
                0x0000000000000000        0x8 ./Peripheral/src/ch32v20x_usart.o
 .text.USART_ReceiveData
                0x0000000000000000        0x8 ./Peripheral/src/ch32v20x_usart.o
 .text.USART_SendBreak
                0x0000000000000000        0xa ./Peripheral/src/ch32v20x_usart.o
 .text.USART_SetGuardTime
                0x0000000000000000       0x12 ./Peripheral/src/ch32v20x_usart.o
 .text.USART_SetPrescaler
                0x0000000000000000       0x18 ./Peripheral/src/ch32v20x_usart.o
 .text.USART_SmartCardCmd
                0x0000000000000000       0x1a ./Peripheral/src/ch32v20x_usart.o
 .text.USART_SmartCardNACKCmd
                0x0000000000000000       0x18 ./Peripheral/src/ch32v20x_usart.o
 .text.USART_HalfDuplexCmd
                0x0000000000000000       0x18 ./Peripheral/src/ch32v20x_usart.o
 .text.USART_OverSampling8Cmd
                0x0000000000000000       0x12 ./Peripheral/src/ch32v20x_usart.o
 .text.USART_OneBitMethodCmd
                0x0000000000000000       0x1e ./Peripheral/src/ch32v20x_usart.o
 .text.USART_IrDAConfig
                0x0000000000000000       0x16 ./Peripheral/src/ch32v20x_usart.o
 .text.USART_IrDACmd
                0x0000000000000000       0x18 ./Peripheral/src/ch32v20x_usart.o
 .text.USART_GetFlagStatus
                0x0000000000000000        0xa ./Peripheral/src/ch32v20x_usart.o
 .text.USART_ClearFlag
                0x0000000000000000        0xc ./Peripheral/src/ch32v20x_usart.o
 .text.USART_GetITStatus
                0x0000000000000000       0x3c ./Peripheral/src/ch32v20x_usart.o
 .text.USART_ClearITPendingBit
                0x0000000000000000       0x14 ./Peripheral/src/ch32v20x_usart.o
 .debug_info    0x0000000000000000     0x13b4 ./Peripheral/src/ch32v20x_usart.o
 .debug_abbrev  0x0000000000000000      0x312 ./Peripheral/src/ch32v20x_usart.o
 .debug_loc     0x0000000000000000      0x757 ./Peripheral/src/ch32v20x_usart.o
 .debug_aranges
                0x0000000000000000      0x100 ./Peripheral/src/ch32v20x_usart.o
 .debug_ranges  0x0000000000000000       0xf0 ./Peripheral/src/ch32v20x_usart.o
 .debug_line    0x0000000000000000      0xfb3 ./Peripheral/src/ch32v20x_usart.o
 .debug_str     0x0000000000000000      0xb39 ./Peripheral/src/ch32v20x_usart.o
 .comment       0x0000000000000000       0x34 ./Peripheral/src/ch32v20x_usart.o
 .debug_frame   0x0000000000000000      0x204 ./Peripheral/src/ch32v20x_usart.o
 .text          0x0000000000000000        0x0 ./Peripheral/src/ch32v20x_wwdg.o
 .data          0x0000000000000000        0x0 ./Peripheral/src/ch32v20x_wwdg.o
 .bss           0x0000000000000000        0x0 ./Peripheral/src/ch32v20x_wwdg.o
 .text.WWDG_DeInit
                0x0000000000000000       0x2e ./Peripheral/src/ch32v20x_wwdg.o
 .text.WWDG_SetPrescaler
                0x0000000000000000       0x14 ./Peripheral/src/ch32v20x_wwdg.o
 .text.WWDG_SetWindowValue
                0x0000000000000000       0x26 ./Peripheral/src/ch32v20x_wwdg.o
 .text.WWDG_EnableIT
                0x0000000000000000       0x12 ./Peripheral/src/ch32v20x_wwdg.o
 .text.WWDG_SetCounter
                0x0000000000000000        0xe ./Peripheral/src/ch32v20x_wwdg.o
 .text.WWDG_Enable
                0x0000000000000000        0xe ./Peripheral/src/ch32v20x_wwdg.o
 .text.WWDG_GetFlagStatus
                0x0000000000000000        0xa ./Peripheral/src/ch32v20x_wwdg.o
 .text.WWDG_ClearFlag
                0x0000000000000000        0xa ./Peripheral/src/ch32v20x_wwdg.o
 .debug_info    0x0000000000000000      0xb27 ./Peripheral/src/ch32v20x_wwdg.o
 .debug_abbrev  0x0000000000000000      0x29d ./Peripheral/src/ch32v20x_wwdg.o
 .debug_loc     0x0000000000000000       0xae ./Peripheral/src/ch32v20x_wwdg.o
 .debug_aranges
                0x0000000000000000       0x58 ./Peripheral/src/ch32v20x_wwdg.o
 .debug_ranges  0x0000000000000000       0x48 ./Peripheral/src/ch32v20x_wwdg.o
 .debug_line    0x0000000000000000      0x4a5 ./Peripheral/src/ch32v20x_wwdg.o
 .debug_str     0x0000000000000000      0x6d4 ./Peripheral/src/ch32v20x_wwdg.o
 .comment       0x0000000000000000       0x34 ./Peripheral/src/ch32v20x_wwdg.o
 .debug_frame   0x0000000000000000       0xa4 ./Peripheral/src/ch32v20x_wwdg.o
 .text          0x0000000000000000        0x0 ./Debug/debug.o
 .data          0x0000000000000000        0x0 ./Debug/debug.o
 .bss           0x0000000000000000        0x0 ./Debug/debug.o
 .text.Delay_Init
                0x0000000000000000       0x32 ./Debug/debug.o
 .text.Delay_Us
                0x0000000000000000       0x3a ./Debug/debug.o
 .text.Delay_Ms
                0x0000000000000000       0x3a ./Debug/debug.o
 .text.USART_Printf_Init
                0x0000000000000000       0x72 ./Debug/debug.o
 .text._write   0x0000000000000000       0x4e ./Debug/debug.o
 .text._sbrk    0x0000000000000000       0x2e ./Debug/debug.o
 .sbss.p_ms     0x0000000000000000        0x2 ./Debug/debug.o
 .sbss.p_us     0x0000000000000000        0x1 ./Debug/debug.o
 .sdata.curbrk.4579
                0x0000000000000000        0x4 ./Debug/debug.o
 .debug_info    0x0000000000000000      0xf1b ./Debug/debug.o
 .debug_abbrev  0x0000000000000000      0x2e6 ./Debug/debug.o
 .debug_loc     0x0000000000000000      0x177 ./Debug/debug.o
 .debug_aranges
                0x0000000000000000       0x48 ./Debug/debug.o
 .debug_ranges  0x0000000000000000       0x38 ./Debug/debug.o
 .debug_line    0x0000000000000000      0x70e ./Debug/debug.o
 .debug_str     0x0000000000000000      0x921 ./Debug/debug.o
 .comment       0x0000000000000000       0x34 ./Debug/debug.o
 .debug_frame   0x0000000000000000       0x9c ./Debug/debug.o
 .text          0x0000000000000000        0x0 ./Core/core_riscv.o
 .data          0x0000000000000000        0x0 ./Core/core_riscv.o
 .bss           0x0000000000000000        0x0 ./Core/core_riscv.o
 .text.__get_MSTATUS
                0x0000000000000000        0x6 ./Core/core_riscv.o
 .text.__set_MSTATUS
                0x0000000000000000        0x6 ./Core/core_riscv.o
 .text.__get_MISA
                0x0000000000000000        0x6 ./Core/core_riscv.o
 .text.__set_MISA
                0x0000000000000000        0x6 ./Core/core_riscv.o
 .text.__get_MTVEC
                0x0000000000000000        0x6 ./Core/core_riscv.o
 .text.__set_MTVEC
                0x0000000000000000        0x6 ./Core/core_riscv.o
 .text.__get_MSCRATCH
                0x0000000000000000        0x6 ./Core/core_riscv.o
 .text.__set_MSCRATCH
                0x0000000000000000        0x6 ./Core/core_riscv.o
 .text.__get_MEPC
                0x0000000000000000        0x6 ./Core/core_riscv.o
 .text.__set_MEPC
                0x0000000000000000        0x6 ./Core/core_riscv.o
 .text.__get_MCAUSE
                0x0000000000000000        0x6 ./Core/core_riscv.o
 .text.__set_MCAUSE
                0x0000000000000000        0x6 ./Core/core_riscv.o
 .text.__get_MTVAL
                0x0000000000000000        0x6 ./Core/core_riscv.o
 .text.__set_MTVAL
                0x0000000000000000        0x6 ./Core/core_riscv.o
 .text.__get_MVENDORID
                0x0000000000000000        0x6 ./Core/core_riscv.o
 .text.__get_MARCHID
                0x0000000000000000        0x6 ./Core/core_riscv.o
 .text.__get_MIMPID
                0x0000000000000000        0x6 ./Core/core_riscv.o
 .text.__get_MHARTID
                0x0000000000000000        0x6 ./Core/core_riscv.o
 .text.__get_SP
                0x0000000000000000        0x4 ./Core/core_riscv.o
 .debug_info    0x0000000000000000      0x376 ./Core/core_riscv.o
 .debug_abbrev  0x0000000000000000       0xe0 ./Core/core_riscv.o
 .debug_aranges
                0x0000000000000000       0xb0 ./Core/core_riscv.o
 .debug_ranges  0x0000000000000000       0xa0 ./Core/core_riscv.o
 .debug_line    0x0000000000000000      0x46b ./Core/core_riscv.o
 .debug_str     0x0000000000000000      0x2be ./Core/core_riscv.o
 .comment       0x0000000000000000       0x34 ./Core/core_riscv.o
 .debug_frame   0x0000000000000000      0x140 ./Core/core_riscv.o
 .data          0x0000000000000000        0x0 d:/mounriver/mounriver_studio/toolchain/risc-v embedded gcc/bin/../lib/gcc/riscv-none-embed/8.2.0/rv32imacxw/ilp32\libgcc.a(save-restore.o)
 .bss           0x0000000000000000        0x0 d:/mounriver/mounriver_studio/toolchain/risc-v embedded gcc/bin/../lib/gcc/riscv-none-embed/8.2.0/rv32imacxw/ilp32\libgcc.a(save-restore.o)
 .eh_frame      0x0000000000000000       0xf8 d:/mounriver/mounriver_studio/toolchain/risc-v embedded gcc/bin/../lib/gcc/riscv-none-embed/8.2.0/rv32imacxw/ilp32\libgcc.a(save-restore.o)
 .data          0x0000000000000000        0x0 d:/mounriver/mounriver_studio/toolchain/risc-v embedded gcc/bin/../lib/gcc/riscv-none-embed/8.2.0/../../../../riscv-none-embed/lib/rv32imacxw/ilp32\libg_nano.a(lib_a-memset.o)
 .bss           0x0000000000000000        0x0 d:/mounriver/mounriver_studio/toolchain/risc-v embedded gcc/bin/../lib/gcc/riscv-none-embed/8.2.0/../../../../riscv-none-embed/lib/rv32imacxw/ilp32\libg_nano.a(lib_a-memset.o)

Memory Configuration

Name             Origin             Length             Attributes
FLASH            0x0000000000000000 0x0000000000000ffc xr
FLASH_VERSION    0x0000000000000ffc 0x0000000000000004 xr
RAM              0x0000000020000000 0x0000000000002800 xrw
*default*        0x0000000000000000 0xffffffffffffffff

Linker script and memory map

LOAD ./User/src/bootloader.o
LOAD ./User/ch32v20x_it.o
LOAD ./User/main.o
LOAD ./User/system_ch32v20x.o
LOAD ./Startup/startup_ch32v20x_D6.o
LOAD ./Peripheral/src/ch32v20x_adc.o
LOAD ./Peripheral/src/ch32v20x_bkp.o
LOAD ./Peripheral/src/ch32v20x_can.o
LOAD ./Peripheral/src/ch32v20x_crc.o
LOAD ./Peripheral/src/ch32v20x_dbgmcu.o
LOAD ./Peripheral/src/ch32v20x_dma.o
LOAD ./Peripheral/src/ch32v20x_exti.o
LOAD ./Peripheral/src/ch32v20x_flash.o
LOAD ./Peripheral/src/ch32v20x_gpio.o
LOAD ./Peripheral/src/ch32v20x_i2c.o
LOAD ./Peripheral/src/ch32v20x_iwdg.o
LOAD ./Peripheral/src/ch32v20x_misc.o
LOAD ./Peripheral/src/ch32v20x_opa.o
LOAD ./Peripheral/src/ch32v20x_pwr.o
LOAD ./Peripheral/src/ch32v20x_rcc.o
LOAD ./Peripheral/src/ch32v20x_rtc.o
LOAD ./Peripheral/src/ch32v20x_spi.o
LOAD ./Peripheral/src/ch32v20x_tim.o
LOAD ./Peripheral/src/ch32v20x_usart.o
LOAD ./Peripheral/src/ch32v20x_wwdg.o
LOAD ./Debug/debug.o
LOAD ./Core/core_riscv.o
LOAD d:/mounriver/mounriver_studio/toolchain/risc-v embedded gcc/bin/../lib/gcc/riscv-none-embed/8.2.0/../../../../riscv-none-embed/lib/rv32imacxw/ilp32\libprintf.a
LOAD d:/mounriver/mounriver_studio/toolchain/risc-v embedded gcc/bin/../lib/gcc/riscv-none-embed/8.2.0/rv32imacxw/ilp32\libgcc.a
LOAD d:/mounriver/mounriver_studio/toolchain/risc-v embedded gcc/bin/../lib/gcc/riscv-none-embed/8.2.0/../../../../riscv-none-embed/lib/rv32imacxw/ilp32\libg_nano.a
LOAD d:/mounriver/mounriver_studio/toolchain/risc-v embedded gcc/bin/../lib/gcc/riscv-none-embed/8.2.0/../../../../riscv-none-embed/lib/rv32imacxw/ilp32\libc_nano.a
LOAD d:/mounriver/mounriver_studio/toolchain/risc-v embedded gcc/bin/../lib/gcc/riscv-none-embed/8.2.0/rv32imacxw/ilp32\libgcc.a
START GROUP
LOAD d:/mounriver/mounriver_studio/toolchain/risc-v embedded gcc/bin/../lib/gcc/riscv-none-embed/8.2.0/rv32imacxw/ilp32\libgcc.a
LOAD d:/mounriver/mounriver_studio/toolchain/risc-v embedded gcc/bin/../lib/gcc/riscv-none-embed/8.2.0/../../../../riscv-none-embed/lib/rv32imacxw/ilp32\libc_nano.a
LOAD d:/mounriver/mounriver_studio/toolchain/risc-v embedded gcc/bin/../lib/gcc/riscv-none-embed/8.2.0/../../../../riscv-none-embed/lib/rv32imacxw/ilp32\libnosys.a
END GROUP
START GROUP
LOAD d:/mounriver/mounriver_studio/toolchain/risc-v embedded gcc/bin/../lib/gcc/riscv-none-embed/8.2.0/rv32imacxw/ilp32\libgcc.a
LOAD d:/mounriver/mounriver_studio/toolchain/risc-v embedded gcc/bin/../lib/gcc/riscv-none-embed/8.2.0/../../../../riscv-none-embed/lib/rv32imacxw/ilp32\libc_nano.a
LOAD d:/mounriver/mounriver_studio/toolchain/risc-v embedded gcc/bin/../lib/gcc/riscv-none-embed/8.2.0/../../../../riscv-none-embed/lib/rv32imacxw/ilp32\libnosys.a
END GROUP
                0x0000000000000800                __stack_size = 0x800
                0x0000000000000100                __resv_size = 0x100
                [!provide]                        PROVIDE (_stack_size = __stack_size)
                [!provide]                        PROVIDE (_resv_size = __resv_size)

.init           0x0000000000000000       0x38
                0x0000000000000000                _sinit = .
                0x0000000000000000                . = ALIGN (0x4)
 *(SORT_NONE(.init))
 .init          0x0000000000000000       0x38 ./Startup/startup_ch32v20x_D6.o
                0x0000000000000000                _start
                0x0000000000000038                . = ALIGN (0x4)
                0x0000000000000038                _einit = .

.vector         0x0000000000000038      0x108
 *(.vector)
 .vector        0x0000000000000038       0xfc ./Startup/startup_ch32v20x_D6.o
                0x0000000000000140                . = ALIGN (0x40)
 *fill*         0x0000000000000134        0xc 

.bootloader_version
                0x0000000000000ffc        0x1
                0x0000000000000ffc                . = ALIGN (0x4)
 *(.bootloader_info)
 .bootloader_info
                0x0000000000000ffc        0x1 ./User/main.o
                0x0000000000000ffc                bootloader_version

.text           0x0000000000000140      0xc14
                0x0000000000000140                . = ALIGN (0x4)
 *(.text)
 .text          0x0000000000000140       0x60 d:/mounriver/mounriver_studio/toolchain/risc-v embedded gcc/bin/../lib/gcc/riscv-none-embed/8.2.0/rv32imacxw/ilp32\libgcc.a(save-restore.o)
                0x0000000000000140                __riscv_save_12
                0x0000000000000148                __riscv_save_9
                0x0000000000000148                __riscv_save_11
                0x0000000000000148                __riscv_save_10
                0x0000000000000148                __riscv_save_8
                0x0000000000000156                __riscv_save_4
                0x0000000000000156                __riscv_save_6
                0x0000000000000156                __riscv_save_5
                0x0000000000000156                __riscv_save_7
                0x0000000000000170                __riscv_save_3
                0x0000000000000170                __riscv_save_2
                0x0000000000000170                __riscv_save_1
                0x0000000000000170                __riscv_save_0
                0x000000000000017c                __riscv_restore_12
                0x0000000000000180                __riscv_restore_11
                0x0000000000000180                __riscv_restore_9
                0x0000000000000180                __riscv_restore_10
                0x0000000000000180                __riscv_restore_8
                0x000000000000018a                __riscv_restore_5
                0x000000000000018a                __riscv_restore_7
                0x000000000000018a                __riscv_restore_6
                0x000000000000018a                __riscv_restore_4
                0x0000000000000194                __riscv_restore_3
                0x0000000000000194                __riscv_restore_0
                0x0000000000000194                __riscv_restore_2
                0x0000000000000194                __riscv_restore_1
 .text          0x00000000000001a0       0xa8 d:/mounriver/mounriver_studio/toolchain/risc-v embedded gcc/bin/../lib/gcc/riscv-none-embed/8.2.0/../../../../riscv-none-embed/lib/rv32imacxw/ilp32\libg_nano.a(lib_a-memset.o)
                0x00000000000001a0                memset
 *(.text.*)
 .text.save_flash_nolib
                0x0000000000000248       0xa0 ./User/src/bootloader.o
                0x0000000000000248                save_flash_nolib
 .text.read_flash_bin
                0x00000000000002e8       0x18 ./User/src/bootloader.o
                0x00000000000002e8                read_flash_bin
 .text.NMI_Handler
                0x0000000000000300        0x4 ./User/ch32v20x_it.o
                0x0000000000000300                NMI_Handler
 .text.HardFault_Handler
                0x0000000000000304        0x2 ./User/ch32v20x_it.o
                0x0000000000000304                HardFault_Handler
 .text.delayMicroseconds
                0x0000000000000306       0x26 ./User/main.o
                0x0000000000000306                delayMicroseconds
 .text.jump     0x000000000000032c       0x2e ./User/main.o
                0x000000000000032c                jump
 .text.makeCrc  0x000000000000035a       0x5e ./User/main.o
                0x000000000000035a                makeCrc
 .text.checkCrc
                0x00000000000003b8       0x24 ./User/main.o
                0x00000000000003b8                checkCrc
 .text.setReceive
                0x00000000000003dc       0x1e ./User/main.o
                0x00000000000003dc                setReceive
 .text.setTransmit
                0x00000000000003fa       0x1a ./User/main.o
                0x00000000000003fa                setTransmit
 .text.serialreadChar
                0x0000000000000414       0xa0 ./User/main.o
                0x0000000000000414                serialreadChar
 .text.serialwriteChar
                0x00000000000004b4       0x4e ./User/main.o
                0x00000000000004b4                serialwriteChar
 .text.send_ACK
                0x0000000000000502       0x10 ./User/main.o
                0x0000000000000502                send_ACK
 .text.send_BAD_ACK
                0x0000000000000512       0x10 ./User/main.o
                0x0000000000000512                send_BAD_ACK
 .text.send_BAD_CRC_ACK
                0x0000000000000522       0x10 ./User/main.o
                0x0000000000000522                send_BAD_CRC_ACK
 .text.sendString
                0x0000000000000532       0x2a ./User/main.o
                0x0000000000000532                sendString
 .text.sendDeviceInfo
                0x000000000000055c       0x16 ./User/main.o
                0x000000000000055c                sendDeviceInfo
 .text.decodeInput
                0x0000000000000572      0x288 ./User/main.o
                0x0000000000000572                decodeInput
 .text.recieveBuffer
                0x00000000000007fa       0x92 ./User/main.o
                0x00000000000007fa                recieveBuffer
 .text.update_EEPROM
                0x000000000000088c       0x4c ./User/main.o
                0x000000000000088c                update_EEPROM
 .text.checkForSignal
                0x00000000000008d8       0xa2 ./User/main.o
                0x00000000000008d8                checkForSignal
 .text.startup.main
                0x000000000000097a       0x82 ./User/main.o
                0x000000000000097a                main
 .text.SystemInit
                0x00000000000009fc       0xa8 ./User/system_ch32v20x.o
                0x00000000000009fc                SystemInit
 .text.vector_handler
                0x0000000000000aa4       0x6c ./Startup/startup_ch32v20x_D6.o
                0x0000000000000aa8                Ecall_M_Mode_Handler
                0x0000000000000aaa                Ecall_U_Mode_Handler
                0x0000000000000aac                Break_Point_Handler
                0x0000000000000aae                SysTick_Handler
                0x0000000000000ab0                SW_Handler
                0x0000000000000ab2                WWDG_IRQHandler
                0x0000000000000ab4                PVD_IRQHandler
                0x0000000000000ab6                TAMPER_IRQHandler
                0x0000000000000ab8                RTC_IRQHandler
                0x0000000000000aba                FLASH_IRQHandler
                0x0000000000000abc                RCC_IRQHandler
                0x0000000000000abe                EXTI0_IRQHandler
                0x0000000000000ac0                EXTI1_IRQHandler
                0x0000000000000ac2                EXTI2_IRQHandler
                0x0000000000000ac4                EXTI3_IRQHandler
                0x0000000000000ac6                EXTI4_IRQHandler
                0x0000000000000ac8                DMA1_Channel1_IRQHandler
                0x0000000000000aca                DMA1_Channel2_IRQHandler
                0x0000000000000acc                DMA1_Channel3_IRQHandler
                0x0000000000000ace                DMA1_Channel4_IRQHandler
                0x0000000000000ad0                DMA1_Channel5_IRQHandler
                0x0000000000000ad2                DMA1_Channel6_IRQHandler
                0x0000000000000ad4                DMA1_Channel7_IRQHandler
                0x0000000000000ad6                ADC1_2_IRQHandler
                0x0000000000000ad8                USB_HP_CAN1_TX_IRQHandler
                0x0000000000000ada                USB_LP_CAN1_RX0_IRQHandler
                0x0000000000000adc                CAN1_RX1_IRQHandler
                0x0000000000000ade                CAN1_SCE_IRQHandler
                0x0000000000000ae0                EXTI9_5_IRQHandler
                0x0000000000000ae2                TIM1_BRK_IRQHandler
                0x0000000000000ae4                TIM1_UP_IRQHandler
                0x0000000000000ae6                TIM1_TRG_COM_IRQHandler
                0x0000000000000ae8                TIM1_CC_IRQHandler
                0x0000000000000aea                TIM2_IRQHandler
                0x0000000000000aec                TIM3_IRQHandler
                0x0000000000000aee                TIM4_IRQHandler
                0x0000000000000af0                I2C1_EV_IRQHandler
                0x0000000000000af2                I2C1_ER_IRQHandler
                0x0000000000000af4                I2C2_EV_IRQHandler
                0x0000000000000af6                I2C2_ER_IRQHandler
                0x0000000000000af8                SPI1_IRQHandler
                0x0000000000000afa                SPI2_IRQHandler
                0x0000000000000afc                USART1_IRQHandler
                0x0000000000000afe                USART2_IRQHandler
                0x0000000000000b00                USART3_IRQHandler
                0x0000000000000b02                EXTI15_10_IRQHandler
                0x0000000000000b04                RTCAlarm_IRQHandler
                0x0000000000000b06                USBWakeUp_IRQHandler
                0x0000000000000b08                USBHD_IRQHandler
                0x0000000000000b0a                USBHDWakeUp_IRQHandler
                0x0000000000000b0c                UART4_IRQHandler
                0x0000000000000b0e                DMA1_Channel8_IRQHandler
 .text.handle_reset
                0x0000000000000b10       0x92 ./Startup/startup_ch32v20x_D6.o
                0x0000000000000b10                handle_reset
 .text.FLASH_Lock
                0x0000000000000ba2        0xe ./Peripheral/src/ch32v20x_flash.o
                0x0000000000000ba2                FLASH_Lock
 .text.FLASH_ErasePage_Fast
                0x0000000000000bb0       0x2e ./Peripheral/src/ch32v20x_flash.o
                0x0000000000000bb0                FLASH_ErasePage_Fast
 .text.FLASH_ProgramPage_Fast
                0x0000000000000bde       0x64 ./Peripheral/src/ch32v20x_flash.o
                0x0000000000000bde                FLASH_ProgramPage_Fast
 .text.GPIO_Init
                0x0000000000000c42       0xf2 ./Peripheral/src/ch32v20x_gpio.o
                0x0000000000000c42                GPIO_Init
 .text.RCC_APB2PeriphClockCmd
                0x0000000000000d34       0x1e ./Peripheral/src/ch32v20x_rcc.o
                0x0000000000000d34                RCC_APB2PeriphClockCmd
 *(.rodata)
 *(.rodata*)
 *(.gnu.linkonce.t.*)
                0x0000000000000d54                . = ALIGN (0x4)
 *fill*         0x0000000000000d52        0x2 

.rela.dyn       0x0000000000000d54        0x0
 .rela.init     0x0000000000000d54        0x0 ./User/src/bootloader.o
 .rela.vector   0x0000000000000d54        0x0 ./User/src/bootloader.o
 .rela.text.handle_reset
                0x0000000000000d54        0x0 ./User/src/bootloader.o

.fini           0x0000000000000d54        0x0
 *(SORT_NONE(.fini))
                0x0000000000000d54                . = ALIGN (0x4)
                [!provide]                        PROVIDE (_etext = .)
                [!provide]                        PROVIDE (_eitcm = .)

.preinit_array  0x0000000000000d54        0x0
                [!provide]                        PROVIDE (__preinit_array_start = .)
 *(.preinit_array)
                [!provide]                        PROVIDE (__preinit_array_end = .)

.init_array     0x0000000000000d54        0x0
                [!provide]                        PROVIDE (__init_array_start = .)
 *(SORT_BY_INIT_PRIORITY(.init_array.*) SORT_BY_INIT_PRIORITY(.ctors.*))
 *(.init_array EXCLUDE_FILE(*crtend?.o *crtend.o *crtbegin?.o *crtbegin.o) .ctors)
                [!provide]                        PROVIDE (__init_array_end = .)

.fini_array     0x0000000000000d54        0x0
                [!provide]                        PROVIDE (__fini_array_start = .)
 *(SORT_BY_INIT_PRIORITY(.fini_array.*) SORT_BY_INIT_PRIORITY(.dtors.*))
 *(.fini_array EXCLUDE_FILE(*crtend?.o *crtend.o *crtbegin?.o *crtbegin.o) .dtors)
                [!provide]                        PROVIDE (__fini_array_end = .)

.ctors
 *crtbegin.o(.ctors)
 *crtbegin?.o(.ctors)
 *(EXCLUDE_FILE(*crtend?.o *crtend.o) .ctors)
 *(SORT_BY_NAME(.ctors.*))
 *(.ctors)

.dtors
 *crtbegin.o(.dtors)
 *crtbegin?.o(.dtors)
 *(EXCLUDE_FILE(*crtend?.o *crtend.o) .dtors)
 *(SORT_BY_NAME(.dtors.*))
 *(.dtors)

.dalign         0x0000000020000000        0x0 load address 0x0000000000000d54
                0x0000000020000000                . = ALIGN (0x4)
                0x0000000020000000                PROVIDE (_data_vma = .)

.dlalign        0x0000000000000d54        0x0
                0x0000000000000d54                . = ALIGN (0x4)
                0x0000000000000d54                PROVIDE (_data_lma = .)

.data           0x0000000020000000       0x10 load address 0x0000000000000d54
 *(.gnu.linkonce.r.*)
 *(.data .data.*)
 .data.deviceInfo
                0x0000000020000000        0x9 ./User/main.o
                0x0000000020000000                deviceInfo
 *(.gnu.linkonce.d.*)
                0x0000000020000010                . = ALIGN (0x8)
 *fill*         0x0000000020000009        0x7 
                0x0000000020000810                PROVIDE (__global_pointer$ = (. + 0x800))
 *(.sdata .sdata.*)
 *(.sdata2.*)
 *(.gnu.linkonce.s.*)
                0x0000000020000010                . = ALIGN (0x8)
 *(.srodata.cst16)
 *(.srodata.cst8)
 *(.srodata.cst4)
 *(.srodata.cst2)
 *(.srodata .srodata.*)
                0x0000000020000010                . = ALIGN (0x4)
                0x0000000020000010                PROVIDE (_edata = .)

.bss            0x0000000020000010      0x230 load address 0x0000000000000d64
                0x0000000020000010                . = ALIGN (0x4)
                0x0000000020000010                PROVIDE (_sbss = .)
 *(.sbss*)
 .sbss.CRC_16.4813
                0x0000000020000010        0x2 ./User/main.o
 *fill*         0x0000000020000012        0x2 
 .sbss.JumpAddress
                0x0000000020000014        0x4 ./User/main.o
                0x0000000020000014                JumpAddress
 .sbss.address  0x0000000020000018        0x4 ./User/main.o
                0x0000000020000018                address
 .sbss.address_expected_increment
                0x000000002000001c        0x2 ./User/main.o
                0x000000002000001c                address_expected_increment
 .sbss.calculated_crc_high_byte
                0x000000002000001e        0x1 ./User/main.o
                0x000000002000001e                calculated_crc_high_byte
 .sbss.calculated_crc_low_byte
                0x000000002000001f        0x1 ./User/main.o
                0x000000002000001f                calculated_crc_low_byte
 .sbss.cmd      0x0000000020000020        0x4 ./User/main.o
                0x0000000020000020                cmd
 .sbss.count    0x0000000020000024        0x4 ./User/main.o
                0x0000000020000024                count
 .sbss.eeprom_req
                0x0000000020000028        0x1 ./User/main.o
                0x0000000020000028                eeprom_req
 .sbss.incoming_payload_no_command
                0x0000000020000029        0x1 ./User/main.o
                0x0000000020000029                incoming_payload_no_command
 .sbss.invalid_command
                0x000000002000002a        0x2 ./User/main.o
                0x000000002000002a                invalid_command
 .sbss.len      0x000000002000002c        0x2 ./User/main.o
                0x000000002000002c                len
 .sbss.low_pin_count
                0x000000002000002e        0x2 ./User/main.o
                0x000000002000002e                low_pin_count
 .sbss.messagereceived
                0x0000000020000030        0x1 ./User/main.o
                0x0000000020000030                messagereceived
 *fill*         0x0000000020000031        0x1 
 .sbss.payload_buffer_size
                0x0000000020000032        0x2 ./User/main.o
                0x0000000020000032                payload_buffer_size
 .sbss.received
                0x0000000020000034        0x4 ./User/main.o
                0x0000000020000034                received
 .sbss.receviedByte
                0x0000000020000038        0x1 ./User/main.o
                0x0000000020000038                receviedByte
 .sbss.rxbyte   0x0000000020000039        0x1 ./User/main.o
                0x0000000020000039                rxbyte
 .sbss.MCU_Version
                0x000000002000003a        0x1 ./Peripheral/src/ch32v20x_gpio.o
                0x000000002000003a                MCU_Version
 *(.gnu.linkonce.sb.*)
 *(.bss*)
 *fill*         0x000000002000003b        0x1 
 .bss.payLoadBuffer
                0x000000002000003c      0x100 ./User/main.o
                0x000000002000003c                payLoadBuffer
 .bss.rxBuffer  0x000000002000013c      0x102 ./User/main.o
                0x000000002000013c                rxBuffer
 *(.gnu.linkonce.b.*)
 *(COMMON*)
                0x0000000020000240                . = ALIGN (0x4)
 *fill*         0x000000002000023e        0x2 
                0x0000000020000240                PROVIDE (_ebss = .)
                0x0000000020000240                PROVIDE (_end = _ebss)
                [!provide]                        PROVIDE (end = .)

.stack          0x0000000020001f00      0x900
                0x0000000020001f00                PROVIDE (_heap_end = .)
                0x0000000020001f00                . = ALIGN (0x4)
                [!provide]                        PROVIDE (_susrstack = .)
                0x0000000020002700                . = (. + __stack_size)
 *fill*         0x0000000020001f00      0x800 
                0x0000000020002700                PROVIDE (_eusrstack = .)
                0x0000000020002800                . = (. + __resv_size)
 *fill*         0x0000000020002700      0x100 
                [!provide]                        PROVIDE (_endram = .)
OUTPUT(V203_bootloader_V11_PA0.elf elf32-littleriscv)

.debug_info     0x0000000000000000     0x6e5c
 .debug_info    0x0000000000000000      0xb9e ./User/src/bootloader.o
 .debug_info    0x0000000000000b9e      0x962 ./User/ch32v20x_it.o
 .debug_info    0x0000000000001500     0x170a ./User/main.o
 .debug_info    0x0000000000002c0a      0xb3b ./User/system_ch32v20x.o
 .debug_info    0x0000000000003745       0x22 ./Startup/startup_ch32v20x_D6.o
 .debug_info    0x0000000000003767     0x13c0 ./Peripheral/src/ch32v20x_flash.o
 .debug_info    0x0000000000004b27     0x10d9 ./Peripheral/src/ch32v20x_gpio.o
 .debug_info    0x0000000000005c00     0x125c ./Peripheral/src/ch32v20x_rcc.o

.debug_abbrev   0x0000000000000000     0x173e
 .debug_abbrev  0x0000000000000000      0x2b2 ./User/src/bootloader.o
 .debug_abbrev  0x00000000000002b2      0x1cf ./User/ch32v20x_it.o
 .debug_abbrev  0x0000000000000481      0x544 ./User/main.o
 .debug_abbrev  0x00000000000009c5      0x2b0 ./User/system_ch32v20x.o
 .debug_abbrev  0x0000000000000c75       0x12 ./Startup/startup_ch32v20x_D6.o
 .debug_abbrev  0x0000000000000c87      0x42c ./Peripheral/src/ch32v20x_flash.o
 .debug_abbrev  0x00000000000010b3      0x33a ./Peripheral/src/ch32v20x_gpio.o
 .debug_abbrev  0x00000000000013ed      0x351 ./Peripheral/src/ch32v20x_rcc.o

.debug_loc      0x0000000000000000     0x1be4
 .debug_loc     0x0000000000000000       0xb9 ./User/src/bootloader.o
 .debug_loc     0x00000000000000b9      0x2de ./User/main.o
 .debug_loc     0x0000000000000397       0xac ./User/system_ch32v20x.o
 .debug_loc     0x0000000000000443      0x810 ./Peripheral/src/ch32v20x_flash.o
 .debug_loc     0x0000000000000c53      0x7fa ./Peripheral/src/ch32v20x_gpio.o
 .debug_loc     0x000000000000144d      0x797 ./Peripheral/src/ch32v20x_rcc.o

.debug_aranges  0x0000000000000000      0x428
 .debug_aranges
                0x0000000000000000       0x28 ./User/src/bootloader.o
 .debug_aranges
                0x0000000000000028       0x28 ./User/ch32v20x_it.o
 .debug_aranges
                0x0000000000000050       0xb0 ./User/main.o
 .debug_aranges
                0x0000000000000100       0x28 ./User/system_ch32v20x.o
 .debug_aranges
                0x0000000000000128       0x30 ./Startup/startup_ch32v20x_D6.o
 .debug_aranges
                0x0000000000000158      0x100 ./Peripheral/src/ch32v20x_flash.o
 .debug_aranges
                0x0000000000000258       0xa8 ./Peripheral/src/ch32v20x_gpio.o
 .debug_aranges
                0x0000000000000300      0x128 ./Peripheral/src/ch32v20x_rcc.o

.debug_ranges   0x0000000000000000      0x4f0
 .debug_ranges  0x0000000000000000       0x48 ./User/src/bootloader.o
 .debug_ranges  0x0000000000000048       0x18 ./User/ch32v20x_it.o
 .debug_ranges  0x0000000000000060      0x1b0 ./User/main.o
 .debug_ranges  0x0000000000000210       0x18 ./User/system_ch32v20x.o
 .debug_ranges  0x0000000000000228       0x28 ./Startup/startup_ch32v20x_D6.o
 .debug_ranges  0x0000000000000250       0xf0 ./Peripheral/src/ch32v20x_flash.o
 .debug_ranges  0x0000000000000340       0x98 ./Peripheral/src/ch32v20x_gpio.o
 .debug_ranges  0x00000000000003d8      0x118 ./Peripheral/src/ch32v20x_rcc.o

.debug_line     0x0000000000000000     0x6426
 .debug_line    0x0000000000000000      0x50f ./User/src/bootloader.o
 .debug_line    0x000000000000050f      0x22c ./User/ch32v20x_it.o
 .debug_line    0x000000000000073b     0x1654 ./User/main.o
 .debug_line    0x0000000000001d8f      0x599 ./User/system_ch32v20x.o
 .debug_line    0x0000000000002328      0x284 ./Startup/startup_ch32v20x_D6.o
 .debug_line    0x00000000000025ac     0x1cfa ./Peripheral/src/ch32v20x_flash.o
 .debug_line    0x00000000000042a6     0x1005 ./Peripheral/src/ch32v20x_gpio.o
 .debug_line    0x00000000000052ab     0x117b ./Peripheral/src/ch32v20x_rcc.o

.debug_str      0x0000000000000000     0x172b
 .debug_str     0x0000000000000000      0x607 ./User/src/bootloader.o
                                        0x6a1 (size before relaxing)
 .debug_str     0x0000000000000607       0x34 ./User/ch32v20x_it.o
                                        0x5b3 (size before relaxing)
 .debug_str     0x000000000000063b      0x4cc ./User/main.o
                                        0xadf (size before relaxing)
 .debug_str     0x0000000000000b07       0xf2 ./User/system_ch32v20x.o
                                        0x69c (size before relaxing)
 .debug_str     0x0000000000000bf9       0x52 ./Startup/startup_ch32v20x_D6.o
                                         0x8b (size before relaxing)
 .debug_str     0x0000000000000c4b      0x453 ./Peripheral/src/ch32v20x_flash.o
                                        0xab7 (size before relaxing)
 .debug_str     0x000000000000109e      0x28a ./Peripheral/src/ch32v20x_gpio.o
                                        0x99f (size before relaxing)
 .debug_str     0x0000000000001328      0x403 ./Peripheral/src/ch32v20x_rcc.o
                                        0xade (size before relaxing)

.comment        0x0000000000000000       0x33
 .comment       0x0000000000000000       0x33 ./User/src/bootloader.o
                                         0x34 (size before relaxing)
 .comment       0x0000000000000033       0x34 ./User/ch32v20x_it.o
 .comment       0x0000000000000033       0x34 ./User/main.o
 .comment       0x0000000000000033       0x34 ./User/system_ch32v20x.o
 .comment       0x0000000000000033       0x34 ./Peripheral/src/ch32v20x_flash.o
 .comment       0x0000000000000033       0x34 ./Peripheral/src/ch32v20x_gpio.o
 .comment       0x0000000000000033       0x34 ./Peripheral/src/ch32v20x_rcc.o

.debug_frame    0x0000000000000000      0x9c0
 .debug_frame   0x0000000000000000       0x50 ./User/src/bootloader.o
 .debug_frame   0x0000000000000050       0x30 ./User/ch32v20x_it.o
 .debug_frame   0x0000000000000080      0x254 ./User/main.o
 .debug_frame   0x00000000000002d4       0x30 ./User/system_ch32v20x.o
 .debug_frame   0x0000000000000304      0x330 ./Peripheral/src/ch32v20x_flash.o
 .debug_frame   0x0000000000000634      0x148 ./Peripheral/src/ch32v20x_gpio.o
 .debug_frame   0x000000000000077c      0x244 ./Peripheral/src/ch32v20x_rcc.o
